
There are no discarded input sections

Memory Configuration

Name             Origin             Length             Attributes
flash            0x08000000         0x00020000         xr
ram              0x20000000         0x00002000         xrw
*default*        0x00000000         0xffffffff

Linker script and memory map

LOAD /tmp/ccQ6mWMA.o
LOAD /tmp/ccClWwLc.o
LOAD /tmp/cciAIrHL.o
LOAD /tmp/ccjyCzHn.o
LOAD /tmp/cca1RsxM.o
START GROUP
LOAD /usr/lib/gcc/arm-none-eabi/13.2.1/../../../arm-none-eabi/lib/thumb/v7-m/nofp/libc.a
LOAD /usr/lib/gcc/arm-none-eabi/13.2.1/thumb/v7-m/nofp/libgcc.a
LOAD /usr/lib/gcc/arm-none-eabi/13.2.1/../../../arm-none-eabi/lib/thumb/v7-m/nofp/libnosys.a
END GROUP
START GROUP
LOAD /usr/lib/gcc/arm-none-eabi/13.2.1/thumb/v7-m/nofp/libgcc.a
LOAD /usr/lib/gcc/arm-none-eabi/13.2.1/../../../arm-none-eabi/lib/thumb/v7-m/nofp/libg.a
LOAD /usr/lib/gcc/arm-none-eabi/13.2.1/../../../arm-none-eabi/lib/thumb/v7-m/nofp/libc.a
END GROUP

.text           0x08000000      0x210
                0x08000000                        . = ALIGN (0x4)
 *(.vectors)
 .vectors       0x08000000       0x40 /tmp/ccjyCzHn.o
                0x08000000                vector_table
 *(.text)
 .text          0x08000040       0xa8 /tmp/ccQ6mWMA.o
                0x08000040                byteArrayCompare
                0x08000086                verifyPIN
 .text          0x080000e8       0x18 /tmp/ccClWwLc.o
                0x080000e8                countermeasure
 .text          0x08000100       0x78 /tmp/cciAIrHL.o
                0x08000100                initialize
 .text          0x08000178       0x3c /tmp/ccjyCzHn.o
                0x08000178                super_secret_function
                0x08000184                main
                0x080001a8                reset_handler
 .text          0x080001b4       0x5c /tmp/cca1RsxM.o
                0x080001b4                oracle
                0x080001e0                oracle_ptc
 *(.rodata)
                0x08000210                        _etext = .
                0x08000210                        _exit = .

.glue_7         0x08000210        0x0
 .glue_7        0x08000210        0x0 linker stubs

.glue_7t        0x08000210        0x0
 .glue_7t       0x08000210        0x0 linker stubs

.vfp11_veneer   0x08000210        0x0
 .vfp11_veneer  0x08000210        0x0 linker stubs

.v4_bx          0x08000210        0x0
 .v4_bx         0x08000210        0x0 linker stubs

.iplt           0x08000210        0x0
 .iplt          0x08000210        0x0 /tmp/ccQ6mWMA.o

.rel.dyn        0x08000210        0x0
 .rel.iplt      0x08000210        0x0 /tmp/ccQ6mWMA.o

.data           0x20000000        0x0 load address 0x08000210
                0x20000000                        . = ALIGN (0x4)
                0x20000000                        _data = .
 *(.data)
 .data          0x20000000        0x0 /tmp/ccQ6mWMA.o
 .data          0x20000000        0x0 /tmp/ccClWwLc.o
 .data          0x20000000        0x0 /tmp/cciAIrHL.o
 .data          0x20000000        0x0 /tmp/ccjyCzHn.o
 .data          0x20000000        0x0 /tmp/cca1RsxM.o
                0x20000000                        _edata = .

.igot.plt       0x20000000        0x0 load address 0x08000210
 .igot.plt      0x20000000        0x0 /tmp/ccQ6mWMA.o

.bss            0x20000000        0xc load address 0x08000210
                0x20000000                        . = ALIGN (0x4)
                0x20000000                        _bss_start = .
 *(.bss)
 .bss           0x20000000        0x0 /tmp/ccQ6mWMA.o
 .bss           0x20000000        0x0 /tmp/ccClWwLc.o
 .bss           0x20000000        0xc /tmp/cciAIrHL.o
                0x20000000                g_authenticated
                0x20000001                g_ptc
                0x20000002                g_countermeasure
                0x20000004                g_userPin
                0x20000008                g_cardPin
 .bss           0x2000000c        0x0 /tmp/ccjyCzHn.o
 .bss           0x2000000c        0x0 /tmp/cca1RsxM.o
                0x2000000c                        _bss_end = .
OUTPUT(bin/verifypin_0_arm_v7m.elf elf32-littlearm)
LOAD linker stubs

.debug_info     0x00000000      0x4c4
 .debug_info    0x00000000      0x10f /tmp/ccQ6mWMA.o
 .debug_info    0x0000010f       0x66 /tmp/ccClWwLc.o
 .debug_info    0x00000175       0xf1 /tmp/cciAIrHL.o
 .debug_info    0x00000266      0x1ba /tmp/ccjyCzHn.o
 .debug_info    0x00000420       0xa4 /tmp/cca1RsxM.o

.debug_abbrev   0x00000000      0x360
 .debug_abbrev  0x00000000       0xd5 /tmp/ccQ6mWMA.o
 .debug_abbrev  0x000000d5       0x5a /tmp/ccClWwLc.o
 .debug_abbrev  0x0000012f       0x8d /tmp/cciAIrHL.o
 .debug_abbrev  0x000001bc      0x12b /tmp/ccjyCzHn.o
 .debug_abbrev  0x000002e7       0x79 /tmp/cca1RsxM.o

.debug_aranges  0x00000000       0xa0
 .debug_aranges
                0x00000000       0x20 /tmp/ccQ6mWMA.o
 .debug_aranges
                0x00000020       0x20 /tmp/ccClWwLc.o
 .debug_aranges
                0x00000040       0x20 /tmp/cciAIrHL.o
 .debug_aranges
                0x00000060       0x20 /tmp/ccjyCzHn.o
 .debug_aranges
                0x00000080       0x20 /tmp/cca1RsxM.o

.debug_line     0x00000000      0x2c5
 .debug_line    0x00000000       0xa1 /tmp/ccQ6mWMA.o
 .debug_line    0x000000a1       0x60 /tmp/ccClWwLc.o
 .debug_line    0x00000101       0x95 /tmp/cciAIrHL.o
 .debug_line    0x00000196       0x8a /tmp/ccjyCzHn.o
 .debug_line    0x00000220       0xa5 /tmp/cca1RsxM.o

.debug_str      0x00000000      0x26b
 .debug_str     0x00000000      0x26b /tmp/ccQ6mWMA.o
                                0x12e (size before relaxing)
 .debug_str     0x0000026b       0xf6 /tmp/ccClWwLc.o
 .debug_str     0x0000026b      0x130 /tmp/cciAIrHL.o
 .debug_str     0x0000026b      0x1e7 /tmp/ccjyCzHn.o
 .debug_str     0x0000026b      0x112 /tmp/cca1RsxM.o

.comment        0x00000000       0x26
 .comment       0x00000000       0x26 /tmp/ccQ6mWMA.o
                                 0x27 (size before relaxing)
 .comment       0x00000026       0x27 /tmp/ccClWwLc.o
 .comment       0x00000026       0x27 /tmp/cciAIrHL.o
 .comment       0x00000026       0x27 /tmp/ccjyCzHn.o
 .comment       0x00000026       0x27 /tmp/cca1RsxM.o

.ARM.attributes
                0x00000000       0x2d
 .ARM.attributes
                0x00000000       0x2d /tmp/ccQ6mWMA.o
 .ARM.attributes
                0x0000002d       0x2d /tmp/ccClWwLc.o
 .ARM.attributes
                0x0000005a       0x2d /tmp/cciAIrHL.o
 .ARM.attributes
                0x00000087       0x2d /tmp/ccjyCzHn.o
 .ARM.attributes
                0x000000b4       0x2d /tmp/cca1RsxM.o

.debug_frame    0x00000000      0x174
 .debug_frame   0x00000000       0x54 /tmp/ccQ6mWMA.o
 .debug_frame   0x00000054       0x30 /tmp/ccClWwLc.o
 .debug_frame   0x00000084       0x38 /tmp/cciAIrHL.o
 .debug_frame   0x000000bc       0x68 /tmp/ccjyCzHn.o
 .debug_frame   0x00000124       0x50 /tmp/cca1RsxM.o
