Archive member included to satisfy reference by file (symbol)

/usr/lib/gcc/x86_64-linux-gnu/13/../../../x86_64-linux-gnu/libc.a(libc-start.o)
                              /usr/lib/gcc/x86_64-linux-gnu/13/../../../x86_64-linux-gnu/crt1.o (__libc_start_main)
/usr/lib/gcc/x86_64-linux-gnu/13/../../../x86_64-linux-gnu/libc.a(check_fds.o)
                              /usr/lib/gcc/x86_64-linux-gnu/13/../../../x86_64-linux-gnu/libc.a(libc-start.o) (__libc_check_standard_fds)
/usr/lib/gcc/x86_64-linux-gnu/13/../../../x86_64-linux-gnu/libc.a(libc-tls.o)
                              /usr/lib/gcc/x86_64-linux-gnu/13/../../../x86_64-linux-gnu/libc.a(libc-start.o) (__libc_setup_tls)
/usr/lib/gcc/x86_64-linux-gnu/13/../../../x86_64-linux-gnu/libc.a(errno.o)
                              /usr/lib/gcc/x86_64-linux-gnu/13/../../../x86_64-linux-gnu/libc.a(check_fds.o) (__libc_errno)
/usr/lib/gcc/x86_64-linux-gnu/13/../../../x86_64-linux-gnu/libc.a(__libc_assert_fail.o)
                              /usr/lib/gcc/x86_64-linux-gnu/13/../../../x86_64-linux-gnu/libc.a(libc-start.o) (__libc_assert_fail)
/usr/lib/gcc/x86_64-linux-gnu/13/../../../x86_64-linux-gnu/libc.a(bsd-_setjmp.o)
                              /usr/lib/gcc/x86_64-linux-gnu/13/../../../x86_64-linux-gnu/libc.a(libc-start.o) (_setjmp)
/usr/lib/gcc/x86_64-linux-gnu/13/../../../x86_64-linux-gnu/libc.a(cxa_atexit.o)
                              /usr/lib/gcc/x86_64-linux-gnu/13/../../../x86_64-linux-gnu/libc.a(libc-start.o) (__cxa_atexit)
/usr/lib/gcc/x86_64-linux-gnu/13/../../../x86_64-linux-gnu/libc.a(exit.o)
                              /usr/lib/gcc/x86_64-linux-gnu/13/../../../x86_64-linux-gnu/libc.a(cxa_atexit.o) (__exit_funcs_done)
/usr/lib/gcc/x86_64-linux-gnu/13/../../../x86_64-linux-gnu/libc.a(_itoa.o)
                              /usr/lib/gcc/x86_64-linux-gnu/13/../../../x86_64-linux-gnu/libc.a(__libc_assert_fail.o) (_itoa_word)
/usr/lib/gcc/x86_64-linux-gnu/13/../../../x86_64-linux-gnu/libc.a(itoa-digits.o)
                              /usr/lib/gcc/x86_64-linux-gnu/13/../../../x86_64-linux-gnu/libc.a(_itoa.o) (_itoa_lower_digits)
/usr/lib/gcc/x86_64-linux-gnu/13/../../../x86_64-linux-gnu/libc.a(itoa-udigits.o)
                              /usr/lib/gcc/x86_64-linux-gnu/13/../../../x86_64-linux-gnu/libc.a(_itoa.o) (_itoa_upper_digits)
/usr/lib/gcc/x86_64-linux-gnu/13/../../../x86_64-linux-gnu/libc.a(printf.o)
                              /tmp/ccFvplbD.o (printf)
/usr/lib/gcc/x86_64-linux-gnu/13/../../../x86_64-linux-gnu/libc.a(vfprintf-internal.o)
                              /usr/lib/gcc/x86_64-linux-gnu/13/../../../x86_64-linux-gnu/libc.a(printf.o) (__vfprintf_internal)
/usr/lib/gcc/x86_64-linux-gnu/13/../../../x86_64-linux-gnu/libc.a(errname.o)
                              /usr/lib/gcc/x86_64-linux-gnu/13/../../../x86_64-linux-gnu/libc.a(vfprintf-internal.o) (__get_errname)
/usr/lib/gcc/x86_64-linux-gnu/13/../../../x86_64-linux-gnu/libc.a(printf-parsemb.o)
                              /usr/lib/gcc/x86_64-linux-gnu/13/../../../x86_64-linux-gnu/libc.a(vfprintf-internal.o) (__parse_one_specmb)
/usr/lib/gcc/x86_64-linux-gnu/13/../../../x86_64-linux-gnu/libc.a(libc_fatal.o)
                              /usr/lib/gcc/x86_64-linux-gnu/13/../../../x86_64-linux-gnu/libc.a(__libc_assert_fail.o) (__libc_message_impl)
/usr/lib/gcc/x86_64-linux-gnu/13/../../../x86_64-linux-gnu/libc.a(stdio.o)
                              /usr/lib/gcc/x86_64-linux-gnu/13/../../../x86_64-linux-gnu/libc.a(printf.o) (stdout)
/usr/lib/gcc/x86_64-linux-gnu/13/../../../x86_64-linux-gnu/libc.a(libc-cleanup.o)
                              /usr/lib/gcc/x86_64-linux-gnu/13/../../../x86_64-linux-gnu/libc.a(vfprintf-internal.o) (__libc_cleanup_push_defer)
/usr/lib/gcc/x86_64-linux-gnu/13/../../../x86_64-linux-gnu/libc.a(lowlevellock.o)
                              /usr/lib/gcc/x86_64-linux-gnu/13/../../../x86_64-linux-gnu/libc.a(cxa_atexit.o) (__lll_lock_wait_private)
/usr/lib/gcc/x86_64-linux-gnu/13/../../../x86_64-linux-gnu/libc.a(nptl_deallocate_tsd.o)
                              /usr/lib/gcc/x86_64-linux-gnu/13/../../../x86_64-linux-gnu/libc.a(libc-start.o) (__nptl_deallocate_tsd)
/usr/lib/gcc/x86_64-linux-gnu/13/../../../x86_64-linux-gnu/libc.a(nptl_nthreads.o)
                              /usr/lib/gcc/x86_64-linux-gnu/13/../../../x86_64-linux-gnu/libc.a(libc-start.o) (__nptl_nthreads)
/usr/lib/gcc/x86_64-linux-gnu/13/../../../x86_64-linux-gnu/libc.a(pthread_keys.o)
                              /usr/lib/gcc/x86_64-linux-gnu/13/../../../x86_64-linux-gnu/libc.a(nptl_deallocate_tsd.o) (__pthread_keys)
/usr/lib/gcc/x86_64-linux-gnu/13/../../../x86_64-linux-gnu/libc.a(malloc.o)
                              /usr/lib/gcc/x86_64-linux-gnu/13/../../../x86_64-linux-gnu/libc.a(exit.o) (free)
/usr/lib/gcc/x86_64-linux-gnu/13/../../../x86_64-linux-gnu/libc.a(scratch_buffer_grow_preserve.o)
[...]
Memory Configuration

Name             Origin             Length             Attributes
*default*        0x0000000000000000 0xffffffffffffffff

Linker script and memory map

LOAD /usr/lib/gcc/x86_64-linux-gnu/13/../../../x86_64-linux-gnu/crt1.o
LOAD /usr/lib/gcc/x86_64-linux-gnu/13/../../../x86_64-linux-gnu/crti.o
LOAD /usr/lib/gcc/x86_64-linux-gnu/13/crtbeginT.o
LOAD /tmp/ccPIxtHN.o
LOAD /tmp/ccamo8Jc.o
LOAD /tmp/ccPsYUWB.o
LOAD /tmp/cclSGTN4.o
LOAD /tmp/ccFvplbD.o
START GROUP
LOAD /usr/lib/gcc/x86_64-linux-gnu/13/libgcc.a
LOAD /usr/lib/gcc/x86_64-linux-gnu/13/libgcc_eh.a
LOAD /usr/lib/gcc/x86_64-linux-gnu/13/../../../x86_64-linux-gnu/libc.a
END GROUP
LOAD /usr/lib/gcc/x86_64-linux-gnu/13/crtend.o
LOAD /usr/lib/gcc/x86_64-linux-gnu/13/../../../x86_64-linux-gnu/crtn.o
                [!provide]                        PROVIDE (__executable_start = SEGMENT_START ("text-segment", 0x400000))
                0x0000000000400270                . = (SEGMENT_START ("text-segment", 0x400000) + SIZEOF_HEADERS)

.interp
 *(.interp)

.note.gnu.property
                0x0000000000400270       0x30
 .note.gnu.property
                0x0000000000400270       0x30 /usr/lib/gcc/x86_64-linux-gnu/13/../../../x86_64-linux-gnu/crt1.o

.note.gnu.build-id
                0x00000000004002a0       0x24
 *(.note.gnu.build-id)
 .note.gnu.build-id
                0x00000000004002a0       0x24 /usr/lib/gcc/x86_64-linux-gnu/13/../../../x86_64-linux-gnu/crt1.o

.note.ABI-tag   0x00000000004002c4       0x20
 .note.ABI-tag  0x00000000004002c4       0x20 /usr/lib/gcc/x86_64-linux-gnu/13/../../../x86_64-linux-gnu/crt1.o

.hash
 *(.hash)

.gnu.hash
 *(.gnu.hash)

.dynsym
 *(.dynsym)

.dynstr
 *(.dynstr)

.gnu.version
 *(.gnu.version)

.gnu.version_d
 *(.gnu.version_d)

.gnu.version_r
 *(.gnu.version_r)

.rela.dyn       0x00000000004002e8        0x0
 *(.rela.init)
 *(.rela.text .rela.text.* .rela.gnu.linkonce.t.*)
 .rela.text     0x00000000004002e8        0x0 /usr/lib/gcc/x86_64-linux-gnu/13/../../../x86_64-linux-gnu/crt1.o
 *(.rela.fini)
 *(.rela.rodata .rela.rodata.* .rela.gnu.linkonce.r.*)
 *(.rela.data .rela.data.* .rela.gnu.linkonce.d.*)
 .rela.data.rel.ro
                0x00000000004002e8        0x0 /usr/lib/gcc/x86_64-linux-gnu/13/../../../x86_64-linux-gnu/crt1.o
 *(.rela.tdata .rela.tdata.* .rela.gnu.linkonce.td.*)
 *(.rela.tbss .rela.tbss.* .rela.gnu.linkonce.tb.*)
 *(.rela.ctors)
 *(.rela.dtors)
 *(.rela.got)
 .rela.got      0x00000000004002e8        0x0 /usr/lib/gcc/x86_64-linux-gnu/13/../../../x86_64-linux-gnu/crt1.o
 *(.rela.bss .rela.bss.* .rela.gnu.linkonce.b.*)
 *(.rela.ldata .rela.ldata.* .rela.gnu.linkonce.l.*)
 *(.rela.lbss .rela.lbss.* .rela.gnu.linkonce.lb.*)
 *(.rela.lrodata .rela.lrodata.* .rela.gnu.linkonce.lr.*)
 *(.rela.ifunc)
 .rela.eh_frame
                0x00000000004002e8        0x0 /usr/lib/gcc/x86_64-linux-gnu/13/../../../x86_64-linux-gnu/crt1.o

.rela.plt       0x00000000004002e8      0x210
 *(.rela.plt)
                0x00000000004002e8                PROVIDE (__rela_iplt_start = .)
 *(.rela.iplt)
 .rela.iplt     0x00000000004002e8      0x210 /usr/lib/gcc/x86_64-linux-gnu/13/../../../x86_64-linux-gnu/crt1.o
                0x00000000004004f8                PROVIDE (__rela_iplt_end = .)

.relr.dyn
 *(.relr.dyn)
                0x0000000000401000                . = ALIGN (CONSTANT (MAXPAGESIZE))

.init           0x0000000000401000       0x1b
 *(SORT_NONE(.init))
 .init          0x0000000000401000       0x16 /usr/lib/gcc/x86_64-linux-gnu/13/../../../x86_64-linux-gnu/crti.o
                0x0000000000401000                _init
 .init          0x0000000000401016        0x5 /usr/lib/gcc/x86_64-linux-gnu/13/../../../x86_64-linux-gnu/crtn.o

.plt            0x0000000000401020      0x160
 *(.plt)
 *(.iplt)
 *fill*         0x0000000000401020        0x0 
 .iplt          0x0000000000401020      0x160 /usr/lib/gcc/x86_64-linux-gnu/13/../../../x86_64-linux-gnu/crt1.o

.plt.got
 *(.plt.got)

.plt.sec
 *(.plt.sec)

.text           0x0000000000401180    0x7d7c0
 *(.text.unlikely .text.*_unlikely .text.unlikely.*)
 .text.unlikely
                0x0000000000401180        0x5 /usr/lib/gcc/x86_64-linux-gnu/13/../../../x86_64-linux-gnu/libc.a(libc_fatal.o)
 .text.unlikely
                0x0000000000401185        0xd /usr/lib/gcc/x86_64-linux-gnu/13/../../../x86_64-linux-gnu/libc.a(init-first.o)
                0x0000000000401185                _dl_start
 .text.unlikely
                0x0000000000401192        0x5 /usr/lib/gcc/x86_64-linux-gnu/13/../../../x86_64-linux-gnu/libc.a(loadmsgcat.o)
 .text.unlikely
                0x0000000000401197      0x1a3 /usr/lib/gcc/x86_64-linux-gnu/13/../../../x86_64-linux-gnu/libc.a(abort.o)
                0x0000000000401197                abort
 .text.unlikely
                0x000000000040133a        0x5 /usr/lib/gcc/x86_64-linux-gnu/13/../../../x86_64-linux-gnu/libc.a(printf_fp.o)
 .text.unlikely
                0x000000000040133f        0x5 /usr/lib/gcc/x86_64-linux-gnu/13/../../../x86_64-linux-gnu/libc.a(printf_fphex.o)
 .text.unlikely
                0x0000000000401344       0x51 /usr/lib/gcc/x86_64-linux-gnu/13/../../../x86_64-linux-gnu/libc.a(iofclose.o)
 .text.unlikely
                0x0000000000401395       0x51 /usr/lib/gcc/x86_64-linux-gnu/13/../../../x86_64-linux-gnu/libc.a(iofputs.o)
 .text.unlikely
                0x00000000004013e6       0x51 /usr/lib/gcc/x86_64-linux-gnu/13/../../../x86_64-linux-gnu/libc.a(iofwrite.o)
 .text.unlikely
                0x0000000000401437       0x51 /usr/lib/gcc/x86_64-linux-gnu/13/../../../x86_64-linux-gnu/libc.a(iogetdelim.o)
 .text.unlikely
                0x0000000000401488       0x54 /usr/lib/gcc/x86_64-linux-gnu/13/../../../x86_64-linux-gnu/libc.a(fileops.o)
 .text.unlikely
                0x00000000004014dc       0x38 /usr/lib/gcc/x86_64-linux-gnu/13/../../../x86_64-linux-gnu/libc.a(pthread_once.o)
 .text.unlikely
                0x0000000000401514        0x2 /usr/lib/gcc/x86_64-linux-gnu/13/../../../x86_64-linux-gnu/libc.a(printf_buffer_flush.o)
 .text.unlikely
                0x0000000000401516        0x2 /usr/lib/gcc/x86_64-linux-gnu/13/../../../x86_64-linux-gnu/libc.a(wprintf_buffer_flush.o)
 .text.unlikely
                0x0000000000401518       0x6b /usr/lib/gcc/x86_64-linux-gnu/13/../../../x86_64-linux-gnu/libc.a(wfileops.o)
 .text.unlikely
                0x0000000000401583        0x5 /usr/lib/gcc/x86_64-linux-gnu/13/../../../x86_64-linux-gnu/libc.a(nptl-stack.o)
 .text.unlikely
                0x0000000000401588       0x62 /usr/lib/gcc/x86_64-linux-gnu/13/libgcc_eh.a(unwind-dw2.o)
 .text.unlikely
                0x00000000004015ea       0x36 /usr/lib/gcc/x86_64-linux-gnu/13/libgcc_eh.a(unwind-dw2-fde-dip.o)
 .text.unlikely
                0x0000000000401620       0x17 /usr/lib/gcc/x86_64-linux-gnu/13/libgcc_eh.a(unwind-c.o)
 *(.text.exit .text.exit.*)
 *fill*         0x0000000000401637        0x9 
 .text.exit     0x0000000000401640       0xf9 /usr/lib/gcc/x86_64-linux-gnu/13/libgcc_eh.a(unwind-dw2-fde-dip.o)
 *(.text.startup .text.startup.*)
 *(.text.hot .text.hot.*)
 *(SORT_BY_NAME(.text.sorted.*))
 *(.text .stub .text.* .gnu.linkonce.t.*)
 *fill*         0x0000000000401739        0x7 
 .text          0x0000000000401740       0x35 /usr/lib/gcc/x86_64-linux-gnu/13/../../../x86_64-linux-gnu/crt1.o
                0x0000000000401740                _start
                0x0000000000401770                _dl_relocate_static_pie
 .text          0x0000000000401775        0x0 /usr/lib/gcc/x86_64-linux-gnu/13/../../../x86_64-linux-gnu/crti.o
 *fill*         0x0000000000401775        0xb 
 .text          0x0000000000401780       0xe5 /usr/lib/gcc/x86_64-linux-gnu/13/crtbeginT.o
 .text          0x0000000000401865       0x12 /tmp/ccPIxtHN.o
                0x0000000000401865                countermeasure
 .text          0x0000000000401877       0x6c /tmp/ccamo8Jc.o
                0x0000000000401877                initialize
 .text          0x00000000004018e3       0x58 /tmp/ccPsYUWB.o
                0x00000000004018e3                oracle_auth
                0x000000000040190f                oracle_ptc
 .text          0x000000000040193b       0xcc /tmp/cclSGTN4.o
                0x000000000040193b                byteArrayCompare
                0x0000000000401998                verifyPIN
 .text          0x0000000000401a07       0xcc /tmp/ccFvplbD.o
                0x0000000000401a07                super_secret_function
                0x0000000000401a12                main
                0x0000000000401a71                __fc_magic_0
                0x0000000000401a92                __fc_magic_1
                0x0000000000401aaf                __fc_magic_2
 *fill*         0x0000000000401ad3        0xd 
 .text          0x0000000000401ae0     0x2731 /usr/lib/gcc/x86_64-linux-gnu/13/../../../x86_64-linux-gnu/libc.a(libc-start.o)
                0x0000000000403f60                __libc_start_main_impl
                0x0000000000403f60                __libc_start_main
 *fill*         0x0000000000404211        0xf 
 .text          0x0000000000404220      0x1aa /usr/lib/gcc/x86_64-linux-gnu/13/../../../x86_64-linux-gnu/libc.a(check_fds.o)
                0x0000000000404220                __libc_check_standard_fds
 *fill*         0x00000000004043ca        0x6 
 .text          0x00000000004043d0      0x2b9 /usr/lib/gcc/x86_64-linux-gnu/13/../../../x86_64-linux-gnu/libc.a(libc-tls.o)
                0x00000000004043d0                __libc_setup_tls
 .text          0x0000000000404689        0x0 /usr/lib/gcc/x86_64-linux-gnu/13/../../../x86_64-linux-gnu/libc.a(errno.o)
 *fill*         0x0000000000404689        0x7 
 .text          0x0000000000404690       0x59 /usr/lib/gcc/x86_64-linux-gnu/13/../../../x86_64-linux-gnu/libc.a(__libc_assert_fail.o)
                0x0000000000404690                __libc_assert_fail
 *fill*         0x00000000004046e9        0x7 
 .text          0x00000000004046f0        0xb /usr/lib/gcc/x86_64-linux-gnu/13/../../../x86_64-linux-gnu/libc.a(bsd-_setjmp.o)
                0x00000000004046f0                _setjmp
 *fill*         0x00000000004046fb        0x5 
 .text          0x0000000000404700      0x2eb /usr/lib/gcc/x86_64-linux-gnu/13/../../../x86_64-linux-gnu/libc.a(cxa_atexit.o)
                0x0000000000404700                __new_exitfn
                0x0000000000404810                __internal_atexit
                0x0000000000404900                __cxa_atexit
 *fill*         0x00000000004049eb        0x5 
 .text          0x00000000004049f0      0x2de /usr/lib/gcc/x86_64-linux-gnu/13/../../../x86_64-linux-gnu/libc.a(exit.o)
                0x00000000004049f0                __run_exit_handlers
                0x0000000000404cb0                exit
 *fill*         0x0000000000404cce        0x2 
 .text          0x0000000000404cd0      0x255 /usr/lib/gcc/x86_64-linux-gnu/13/../../../x86_64-linux-gnu/libc.a(_itoa.o)
                0x0000000000404cd0                _itoa_word
                0x0000000000404dc0                _fitoa_word
 .text          0x0000000000404f25        0x0 /usr/lib/gcc/x86_64-linux-gnu/13/../../../x86_64-linux-gnu/libc.a(itoa-digits.o)
 .text          0x0000000000404f25        0x0 /usr/lib/gcc/x86_64-linux-gnu/13/../../../x86_64-linux-gnu/libc.a(itoa-udigits.o)
 *fill*         0x0000000000404f25        0xb 
 .text          0x0000000000404f30       0xc6 /usr/lib/gcc/x86_64-linux-gnu/13/../../../x86_64-linux-gnu/libc.a(printf.o)
                0x0000000000404f30                __printf
                0x0000000000404f30                printf
                0x0000000000404f30                _IO_printf
 *fill*         0x0000000000404ff6        0xa 
 .text          0x0000000000405000     0x4881 /usr/lib/gcc/x86_64-linux-gnu/13/../../../x86_64-linux-gnu/libc.a(vfprintf-internal.o)
                0x0000000000407200                __printf_buffer
                0x00000000004095e0                __vfprintf_internal
 *fill*         0x0000000000409881        0xf 
 .text          0x0000000000409890       0x33 /usr/lib/gcc/x86_64-linux-gnu/13/../../../x86_64-linux-gnu/libc.a(errname.o)
                0x0000000000409890                __get_errname
 *fill*         0x00000000004098c3        0xd 
 .text          0x00000000004098d0      0xb69 /usr/lib/gcc/x86_64-linux-gnu/13/../../../x86_64-linux-gnu/libc.a(printf-parsemb.o)
                0x00000000004098d0                __parse_one_specmb
 *fill*         0x000000000040a439        0x7 
 .text          0x000000000040a440      0x249 /usr/lib/gcc/x86_64-linux-gnu/13/../../../x86_64-linux-gnu/libc.a(libc_fatal.o)
                0x000000000040a440                __libc_message_impl
                0x000000000040a670                __libc_fatal
 .text          0x000000000040a689        0x0 /usr/lib/gcc/x86_64-linux-gnu/13/../../../x86_64-linux-gnu/libc.a(stdio.o)
 *fill*         0x000000000040a689        0x7 
 .text          0x000000000040a690       0xc4 /usr/lib/gcc/x86_64-linux-gnu/13/../../../x86_64-linux-gnu/libc.a(libc-cleanup.o)
                0x000000000040a690                __libc_cleanup_push_defer
                0x000000000040a6e0                __libc_cleanup_pop_restore
 *fill*         0x000000000040a754        0xc 
 .text          0x000000000040a760       0xf8 /usr/lib/gcc/x86_64-linux-gnu/13/../../../x86_64-linux-gnu/libc.a(lowlevellock.o)
                0x000000000040a760                __lll_lock_wait_private
                0x000000000040a7c0                __lll_lock_wait
                0x000000000040a820                __lll_lock_wake_private
                0x000000000040a840                __lll_lock_wake
 *fill*         0x000000000040a858        0x8 
 .text          0x000000000040a860      0x153 /usr/lib/gcc/x86_64-linux-gnu/13/../../../x86_64-linux-gnu/libc.a(nptl_deallocate_tsd.o)
                0x000000000040a860                __nptl_deallocate_tsd
 .text          0x000000000040a9b3        0x0 /usr/lib/gcc/x86_64-linux-gnu/13/../../../x86_64-linux-gnu/libc.a(nptl_nthreads.o)
 .text          0x000000000040a9b3        0x0 /usr/lib/gcc/x86_64-linux-gnu/13/../../../x86_64-linux-gnu/libc.a(pthread_keys.o)
 *fill*         0x000000000040a9b3        0xd 
 .text          0x000000000040a9c0     0x6586 /usr/lib/gcc/x86_64-linux-gnu/13/../../../x86_64-linux-gnu/libc.a(malloc.o)
                0x000000000040eec0                __glibc_morecore
                0x000000000040eef0                __malloc_fork_lock_parent
                0x000000000040ef80                __malloc_fork_unlock_parent
                0x000000000040f020                __malloc_fork_unlock_child
                0x000000000040f0d0                malloc
                0x000000000040f0d0                __malloc
                0x000000000040f0d0                __libc_malloc
                0x000000000040f7a0                __free
                0x000000000040f7a0                __libc_free
                0x000000000040f7a0                free
                0x000000000040f8b0                __malloc_arena_thread_freeres
                0x000000000040fb00                __libc_realloc
                0x000000000040fb00                realloc
                0x000000000040fb00                __realloc
                0x00000000004100b0                __libc_memalign
                0x00000000004100b0                __memalign
                0x00000000004100b0                memalign
                0x00000000004100f0                aligned_alloc
                0x0000000000410150                __libc_valloc
                0x0000000000410150                valloc
                0x0000000000410150                __valloc
                0x0000000000410190                pvalloc
                0x0000000000410190                __libc_pvalloc
                0x0000000000410190                __pvalloc
                0x00000000004101f0                __calloc
                0x00000000004101f0                calloc
                0x00000000004101f0                __libc_calloc
                0x00000000004105f0                __malloc_trim
                0x00000000004105f0                malloc_trim
                0x00000000004108b0                malloc_usable_size
                0x00000000004108b0                __malloc_usable_size
                0x00000000004108f0                __mallinfo2
                0x00000000004108f0                mallinfo2
                0x00000000004108f0                __libc_mallinfo2
                0x0000000000410a20                __mallinfo
                0x0000000000410a20                __libc_mallinfo
                0x0000000000410a20                mallinfo
                0x0000000000410a90                malloc_stats
                0x0000000000410a90                __malloc_stats
                0x0000000000410ce0                __libc_mallopt
                0x0000000000410ce0                mallopt
                0x0000000000410ce0                __mallopt
                0x0000000000410e70                __posix_memalign
                0x0000000000410e70                posix_memalign
                0x0000000000410f00                __malloc_info
                0x0000000000410f00                malloc_info
 *fill*         0x0000000000410f46        0xa 
 .text          0x0000000000410f50       0xb5 /usr/lib/gcc/x86_64-linux-gnu/13/../../../x86_64-linux-gnu/libc.a(scratch_buffer_grow_preserve.o)
                0x0000000000410f50                __libc_scratch_buffer_grow_preserve
 *fill*         0x0000000000411005        0xb 
 .text          0x0000000000411010       0xb5 /usr/lib/gcc/x86_64-linux-gnu/13/../../../x86_64-linux-gnu/libc.a(scratch_buffer_set_array_size.o)
                0x0000000000411010                __libc_scratch_buffer_set_array_size
 *fill*         0x00000000004110c5        0xb 
 .text          0x00000000004110d0       0x88 /usr/lib/gcc/x86_64-linux-gnu/13/../../../x86_64-linux-gnu/libc.a(_strerror.o)
                0x00000000004110d0                __strerror_r
                0x00000000004110d0                strerror_r
 *fill*         0x0000000000411158        0x8 
 .text          0x0000000000411160       0xf6 /usr/lib/gcc/x86_64-linux-gnu/13/../../../x86_64-linux-gnu/libc.a(memcpy.o)
                0x0000000000411160                memcpy
                0x0000000000411160                __new_memcpy
 *fill*         0x0000000000411256        0xa 
 .text          0x0000000000411260       0xf6 /usr/lib/gcc/x86_64-linux-gnu/13/../../../x86_64-linux-gnu/libc.a(mempcpy.o)
                0x0000000000411260                mempcpy
                0x0000000000411260                __mempcpy
 *fill*         0x0000000000411356        0xa 
 .text          0x0000000000411360       0xed /usr/lib/gcc/x86_64-linux-gnu/13/../../../x86_64-linux-gnu/libc.a(memset.o)
                0x0000000000411360                memset
 *fill*         0x000000000041144d        0x3 
 .text          0x0000000000411450       0x70 /usr/lib/gcc/x86_64-linux-gnu/13/../../../x86_64-linux-gnu/libc.a(strchrnul.o)
                0x0000000000411450                __strchrnul
                0x0000000000411450                strchrnul
 .text          0x00000000004114c0       0x70 /usr/lib/gcc/x86_64-linux-gnu/13/../../../x86_64-linux-gnu/libc.a(strlen.o)
                0x00000000004114c0                strlen
 .text          0x0000000000411530       0x70 /usr/lib/gcc/x86_64-linux-gnu/13/../../../x86_64-linux-gnu/libc.a(strnlen.o)
                0x0000000000411530                __strnlen
                0x0000000000411530                strnlen
 .text          0x00000000004115a0        0x0 /usr/lib/gcc/x86_64-linux-gnu/13/../../../x86_64-linux-gnu/libc.a(memmove-avx-unaligned-erms.o)
 *fill*         0x00000000004115a0       0x20 
 .text.avx      0x00000000004115c0      0x75e /usr/lib/gcc/x86_64-linux-gnu/13/../../../x86_64-linux-gnu/libc.a(memmove-avx-unaligned-erms.o)
                0x00000000004115c0                __mempcpy_avx_unaligned
                0x00000000004115d0                __memcpy_avx_unaligned
                0x00000000004115d0                __memmove_avx_unaligned
                0x0000000000411610                __mempcpy_avx_unaligned_erms
                0x0000000000411640                __memcpy_avx_unaligned_erms
                0x0000000000411640                __memmove_avx_unaligned_erms
 .text          0x0000000000411d1e        0x0 /usr/lib/gcc/x86_64-linux-gnu/13/../../../x86_64-linux-gnu/libc.a(memmove-avx-unaligned-erms-rtm.o)
 *fill*         0x0000000000411d1e       0x22 
 .text.avx.rtm  0x0000000000411d40      0x75f /usr/lib/gcc/x86_64-linux-gnu/13/../../../x86_64-linux-gnu/libc.a(memmove-avx-unaligned-erms-rtm.o)
                0x0000000000411d40                __mempcpy_avx_unaligned_rtm
                0x0000000000411d50                __memcpy_avx_unaligned_rtm
                0x0000000000411d50                __memmove_avx_unaligned_rtm
                0x0000000000411d90                __mempcpy_avx_unaligned_erms_rtm
                0x0000000000411dc0                __memmove_avx_unaligned_erms_rtm
                0x0000000000411dc0                __memcpy_avx_unaligned_erms_rtm
 .text          0x000000000041249f        0x0 /usr/lib/gcc/x86_64-linux-gnu/13/../../../x86_64-linux-gnu/libc.a(memmove-avx512-no-vzeroupper.o)
 *fill*         0x000000000041249f        0x1 
 .text.avx512   0x00000000004124a0      0x76f /usr/lib/gcc/x86_64-linux-gnu/13/../../../x86_64-linux-gnu/libc.a(memmove-avx512-no-vzeroupper.o)
                0x00000000004124a0                __mempcpy_chk_avx512_no_vzeroupper
                0x00000000004124b0                __mempcpy_avx512_no_vzeroupper
                0x00000000004124c0                __memcpy_chk_avx512_no_vzeroupper
                0x00000000004124c0                __memmove_chk_avx512_no_vzeroupper
                0x00000000004124d0                __memcpy_avx512_no_vzeroupper
                0x00000000004124d0                __memmove_avx512_no_vzeroupper
 .text          0x0000000000412c0f        0x0 /usr/lib/gcc/x86_64-linux-gnu/13/../../../x86_64-linux-gnu/libc.a(memmove-avx512-unaligned-erms.o)
 *fill*         0x0000000000412c0f       0x31 
 .text.evex512  0x0000000000412c40      0x840 /usr/lib/gcc/x86_64-linux-gnu/13/../../../x86_64-linux-gnu/libc.a(memmove-avx512-unaligned-erms.o)
                0x0000000000412c40                __mempcpy_avx512_unaligned
                0x0000000000412c50                __memmove_avx512_unaligned
                0x0000000000412c50                __memcpy_avx512_unaligned
                0x0000000000412c90                __mempcpy_avx512_unaligned_erms
                0x0000000000412cc0                __memmove_avx512_unaligned_erms
                0x0000000000412cc0                __memcpy_avx512_unaligned_erms
 .text          0x0000000000413480       0x71 /usr/lib/gcc/x86_64-linux-gnu/13/../../../x86_64-linux-gnu/libc.a(memmove-erms.o)
                0x0000000000413480                __mempcpy_chk_erms
                0x0000000000413490                __mempcpy_erms
                0x00000000004134b0                __memcpy_chk_erms
                0x00000000004134b0                __memmove_chk_erms
                0x00000000004134c0                __memmove_erms
                0x00000000004134c0                __memcpy_erms
 .text          0x00000000004134f1        0x0 /usr/lib/gcc/x86_64-linux-gnu/13/../../../x86_64-linux-gnu/libc.a(memmove-evex-unaligned-erms.o)
 *fill*         0x00000000004134f1        0xf 
 .text.evex     0x0000000000413500      0x83b /usr/lib/gcc/x86_64-linux-gnu/13/../../../x86_64-linux-gnu/libc.a(memmove-evex-unaligned-erms.o)
                0x0000000000413500                __mempcpy_evex_unaligned
                0x0000000000413510                __memmove_evex_unaligned
                0x0000000000413510                __memcpy_evex_unaligned
                0x0000000000413550                __mempcpy_evex_unaligned_erms
                0x0000000000413580                __memmove_evex_unaligned_erms
                0x0000000000413580                __memcpy_evex_unaligned_erms
 *fill*         0x0000000000413d3b        0x5 
 .text          0x0000000000413d40      0x5d2 /usr/lib/gcc/x86_64-linux-gnu/13/../../../x86_64-linux-gnu/libc.a(memmove-sse2-unaligned-erms.o)
                0x0000000000413d40                __mempcpy_sse2_unaligned
                0x0000000000413d50                __memmove_sse2_unaligned
                0x0000000000413d50                __memcpy_sse2_unaligned
                0x0000000000413d80                __mempcpy_sse2_unaligned_erms
                0x0000000000413dc0                __memmove_sse2_unaligned_erms
                0x0000000000413dc0                __memcpy_sse2_unaligned_erms
 .text          0x0000000000414312        0x0 /usr/lib/gcc/x86_64-linux-gnu/13/../../../x86_64-linux-gnu/libc.a(memmove-ssse3.o)
 *fill*         0x0000000000414312       0x2e 
 .text.ssse3    0x0000000000414340      0xf7d /usr/lib/gcc/x86_64-linux-gnu/13/../../../x86_64-linux-gnu/libc.a(memmove-ssse3.o)
                0x0000000000414340                __mempcpy_ssse3
                0x0000000000414380                __memcpy_ssse3
                0x0000000000414380                __memmove_ssse3
 .text          0x00000000004152bd        0x0 /usr/lib/gcc/x86_64-linux-gnu/13/../../../x86_64-linux-gnu/libc.a(memset-avx2-unaligned-erms.o)
 *fill*         0x00000000004152bd        0x3 
 .text.avx      0x00000000004152c0      0x1bd /usr/lib/gcc/x86_64-linux-gnu/13/../../../x86_64-linux-gnu/libc.a(memset-avx2-unaligned-erms.o)
                0x00000000004152c0                __wmemset_avx2_unaligned
                0x00000000004152f0                __memset_avx2_unaligned
                0x0000000000415340                __memset_avx2_unaligned_erms
 .text          0x000000000041547d        0x0 /usr/lib/gcc/x86_64-linux-gnu/13/../../../x86_64-linux-gnu/libc.a(memset-avx2-unaligned-erms-rtm.o)
 *fill*         0x000000000041547d        0x3 
 .text.avx.rtm  0x0000000000415480      0x1bd /usr/lib/gcc/x86_64-linux-gnu/13/../../../x86_64-linux-gnu/libc.a(memset-avx2-unaligned-erms-rtm.o)
                0x0000000000415480                __wmemset_avx2_unaligned_rtm
                0x00000000004154b0                __memset_avx2_unaligned_rtm
                0x0000000000415500                __memset_avx2_unaligned_erms_rtm
 .text          0x000000000041563d        0x0 /usr/lib/gcc/x86_64-linux-gnu/13/../../../x86_64-linux-gnu/libc.a(memset-avx512-no-vzeroupper.o)
 *fill*         0x000000000041563d        0x3 
 .text.avx512   0x0000000000415640      0x284 /usr/lib/gcc/x86_64-linux-gnu/13/../../../x86_64-linux-gnu/libc.a(memset-avx512-no-vzeroupper.o)
                0x0000000000415640                __memset_chk_avx512_no_vzeroupper
                0x0000000000415650                __memset_avx512_no_vzeroupper
 .text          0x00000000004158c4        0x0 /usr/lib/gcc/x86_64-linux-gnu/13/../../../x86_64-linux-gnu/libc.a(memset-avx512-unaligned-erms.o)
 *fill*         0x00000000004158c4       0x3c 
 .text.evex512  0x0000000000415900      0x1e8 /usr/lib/gcc/x86_64-linux-gnu/13/../../../x86_64-linux-gnu/libc.a(memset-avx512-unaligned-erms.o)
                0x0000000000415900                __wmemset_avx512_unaligned
                0x0000000000415920                __memset_avx512_unaligned
                0x0000000000415980                __memset_avx512_unaligned_erms
 *fill*         0x0000000000415ae8        0x8 
 .text          0x0000000000415af0       0x2d /usr/lib/gcc/x86_64-linux-gnu/13/../../../x86_64-linux-gnu/libc.a(memset-erms.o)
                0x0000000000415af0                __memset_chk_erms
                0x0000000000415b00                __memset_erms
 .text          0x0000000000415b1d        0x0 /usr/lib/gcc/x86_64-linux-gnu/13/../../../x86_64-linux-gnu/libc.a(memset-evex-unaligned-erms.o)
 *fill*         0x0000000000415b1d       0x23 
 .text.evex     0x0000000000415b40      0x1c8 /usr/lib/gcc/x86_64-linux-gnu/13/../../../x86_64-linux-gnu/libc.a(memset-evex-unaligned-erms.o)
                0x0000000000415b40                __wmemset_evex_unaligned
                0x0000000000415b60                __memset_evex_unaligned
                0x0000000000415bc0                __memset_evex_unaligned_erms
 *fill*         0x0000000000415d08       0x38 
 .text          0x0000000000415d40      0x179 /usr/lib/gcc/x86_64-linux-gnu/13/../../../x86_64-linux-gnu/libc.a(memset-sse2-unaligned-erms.o)
                0x0000000000415d40                __wmemset_sse2_unaligned
                0x0000000000415d60                __memset_sse2_unaligned
                0x0000000000415dc0                __memset_sse2_unaligned_erms
 .text          0x0000000000415eb9        0x0 /usr/lib/gcc/x86_64-linux-gnu/13/../../../x86_64-linux-gnu/libc.a(strchrnul-avx2.o)
 *fill*         0x0000000000415eb9        0x7 
 .text.avx      0x0000000000415ec0      0x1e4 /usr/lib/gcc/x86_64-linux-gnu/13/../../../x86_64-linux-gnu/libc.a(strchrnul-avx2.o)
                0x0000000000415ec0                __strchrnul_avx2
 .text          0x00000000004160a4        0x0 /usr/lib/gcc/x86_64-linux-gnu/13/../../../x86_64-linux-gnu/libc.a(strchrnul-avx2-rtm.o)
 *fill*         0x00000000004160a4       0x1c 
 .text.avx.rtm  0x00000000004160c0      0x1e5 /usr/lib/gcc/x86_64-linux-gnu/13/../../../x86_64-linux-gnu/libc.a(strchrnul-avx2-rtm.o)
                0x00000000004160c0                __strchrnul_avx2_rtm
 .text          0x00000000004162a5        0x0 /usr/lib/gcc/x86_64-linux-gnu/13/../../../x86_64-linux-gnu/libc.a(strchrnul-evex.o)
 *fill*         0x00000000004162a5       0x1b 
 .text.evex     0x00000000004162c0      0x1d7 /usr/lib/gcc/x86_64-linux-gnu/13/../../../x86_64-linux-gnu/libc.a(strchrnul-evex.o)
                0x00000000004162c0                __strchrnul_evex
 *fill*         0x0000000000416497        0x9 
 .text          0x00000000004164a0      0x20a /usr/lib/gcc/x86_64-linux-gnu/13/../../../x86_64-linux-gnu/libc.a(strchrnul-sse2.o)
                0x00000000004164a0                __strchrnul_sse2
 .text          0x00000000004166aa        0x0 /usr/lib/gcc/x86_64-linux-gnu/13/../../../x86_64-linux-gnu/libc.a(strlen-avx2.o)
 *fill*         0x00000000004166aa       0x16 
 .text.avx      0x00000000004166c0      0x172 /usr/lib/gcc/x86_64-linux-gnu/13/../../../x86_64-linux-gnu/libc.a(strlen-avx2.o)
                0x00000000004166c0                __strlen_avx2
 .text          0x0000000000416832        0x0 /usr/lib/gcc/x86_64-linux-gnu/13/../../../x86_64-linux-gnu/libc.a(strlen-avx2-rtm.o)
 *fill*         0x0000000000416832        0xe 
 .text.avx.rtm  0x0000000000416840      0x16b /usr/lib/gcc/x86_64-linux-gnu/13/../../../x86_64-linux-gnu/libc.a(strlen-avx2-rtm.o)
                0x0000000000416840                __strlen_avx2_rtm
 .text          0x00000000004169ab        0x0 /usr/lib/gcc/x86_64-linux-gnu/13/../../../x86_64-linux-gnu/libc.a(strlen-evex.o)
 *fill*         0x00000000004169ab       0x15 
 .text.evex     0x00000000004169c0      0x15d /usr/lib/gcc/x86_64-linux-gnu/13/../../../x86_64-linux-gnu/libc.a(strlen-evex.o)
                0x00000000004169c0                __strlen_evex
 *fill*         0x0000000000416b1d        0x3 
 .text          0x0000000000416b20      0x19c /usr/lib/gcc/x86_64-linux-gnu/13/../../../x86_64-linux-gnu/libc.a(strlen-sse2.o)
                0x0000000000416b20                __strlen_sse2
 .text          0x0000000000416cbc        0x0 /usr/lib/gcc/x86_64-linux-gnu/13/../../../x86_64-linux-gnu/libc.a(strnlen-avx2.o)
 *fill*         0x0000000000416cbc        0x4 
 .text.avx      0x0000000000416cc0      0x2ce /usr/lib/gcc/x86_64-linux-gnu/13/../../../x86_64-linux-gnu/libc.a(strnlen-avx2.o)
                0x0000000000416cc0                __strnlen_avx2
 .text          0x0000000000416f8e        0x0 /usr/lib/gcc/x86_64-linux-gnu/13/../../../x86_64-linux-gnu/libc.a(strnlen-avx2-rtm.o)
 *fill*         0x0000000000416f8e       0x12 
 .text.avx.rtm  0x0000000000416fa0      0x2fc /usr/lib/gcc/x86_64-linux-gnu/13/../../../x86_64-linux-gnu/libc.a(strnlen-avx2-rtm.o)
                0x0000000000416fa0                __strnlen_avx2_rtm
 .text          0x000000000041729c        0x0 /usr/lib/gcc/x86_64-linux-gnu/13/../../../x86_64-linux-gnu/libc.a(strnlen-evex.o)
 *fill*         0x000000000041729c       0x24 
 .text.evex     0x00000000004172c0      0x217 /usr/lib/gcc/x86_64-linux-gnu/13/../../../x86_64-linux-gnu/libc.a(strnlen-evex.o)
                0x00000000004172c0                __strnlen_evex
 *fill*         0x00000000004174d7        0x9 
 .text          0x00000000004174e0      0x218 /usr/lib/gcc/x86_64-linux-gnu/13/../../../x86_64-linux-gnu/libc.a(strnlen-sse2.o)
                0x00000000004174e0                __strnlen_sse2
 *fill*         0x00000000004176f8        0x8 
 .text          0x0000000000417700      0x3a1 /usr/lib/gcc/x86_64-linux-gnu/13/../../../x86_64-linux-gnu/libc.a(wcrtomb.o)
                0x0000000000417700                __wcrtomb_internal
                0x00000000004178e0                __wcrtomb
                0x00000000004178e0                wcrtomb
 *fill*         0x0000000000417aa1        0xf 
 .text          0x0000000000417ab0      0x5b6 /usr/lib/gcc/x86_64-linux-gnu/13/../../../x86_64-linux-gnu/libc.a(wcsmbsload.o)
                0x0000000000417ab0                __wcsmbs_getfct
                0x0000000000417b30                __wcsmbs_load_conv
                0x0000000000417e30                __wcsmbs_clone_conv
                0x0000000000417f10                __wcsmbs_named_conv
                0x0000000000418010                _nl_cleanup_ctype
 *fill*         0x0000000000418066        0xa 
 .text          0x0000000000418070      0x30e /usr/lib/gcc/x86_64-linux-gnu/13/../../../x86_64-linux-gnu/libc.a(wcsrtombs.o)
                0x0000000000418070                wcsrtombs
                0x0000000000418070                __wcsrtombs
 *fill*         0x000000000041837e        0x2 
 .text          0x0000000000418380       0x6f /usr/lib/gcc/x86_64-linux-gnu/13/../../../x86_64-linux-gnu/libc.a(clock_gettime.o)
                0x0000000000418380                clock_gettime
                0x0000000000418380                __clock_gettime
 *fill*         0x00000000004183ef        0x1 
 .text          0x00000000004183f0       0x2c /usr/lib/gcc/x86_64-linux-gnu/13/../../../x86_64-linux-gnu/libc.a(_exit.o)
                0x00000000004183f0                _Exit
                0x00000000004183f0                _exit
 .text          0x000000000041841c        0x0 /usr/lib/gcc/x86_64-linux-gnu/13/../../../x86_64-linux-gnu/libc.a(environ.o)
 *fill*         0x000000000041841c        0x4 
 .text          0x0000000000418420       0x2a /usr/lib/gcc/x86_64-linux-gnu/13/../../../x86_64-linux-gnu/libc.a(fstat64.o)
                0x0000000000418420                fstat64
                0x0000000000418420                fstat
                0x0000000000418420                __fstat64
                0x0000000000418420                __fstat
 *fill*         0x000000000041844a        0x6 
 .text          0x0000000000418450       0x2a /usr/lib/gcc/x86_64-linux-gnu/13/../../../x86_64-linux-gnu/libc.a(close_nocancel.o)
                0x0000000000418450                __close_nocancel
 *fill*         0x000000000041847a        0x6 
 .text          0x0000000000418480      0x120 /usr/lib/gcc/x86_64-linux-gnu/13/../../../x86_64-linux-gnu/libc.a(fcntl_nocancel.o)
                0x0000000000418480                __fcntl64_nocancel
                0x0000000000418520                __fcntl64_nocancel_adjusted
 .text          0x00000000004185a0       0x98 /usr/lib/gcc/x86_64-linux-gnu/13/../../../x86_64-linux-gnu/libc.a(open64_nocancel.o)
                0x00000000004185a0                __open_nocancel
                0x00000000004185a0                __open64_nocancel
 *fill*         0x0000000000418638        0x8 
 .text          0x0000000000418640       0x2c /usr/lib/gcc/x86_64-linux-gnu/13/../../../x86_64-linux-gnu/libc.a(read_nocancel.o)
                0x0000000000418640                __read_nocancel
 *fill*         0x000000000041866c        0x4 
 .text          0x0000000000418670       0x34 /usr/lib/gcc/x86_64-linux-gnu/13/../../../x86_64-linux-gnu/libc.a(brk.o)
                0x0000000000418670                __brk
                0x0000000000418670                brk
 *fill*         0x00000000004186a4        0xc 
 .text          0x00000000004186b0      0x649 /usr/lib/gcc/x86_64-linux-gnu/13/../../../x86_64-linux-gnu/libc.a(getsysstats.o)
                0x0000000000418b60                __get_nprocs
                0x0000000000418b60                get_nprocs
                0x0000000000418ba0                __get_nprocs_conf
                0x0000000000418ba0                get_nprocs_conf
                0x0000000000418be0                get_phys_pages
                0x0000000000418be0                __get_phys_pages
                0x0000000000418c70                get_avphys_pages
                0x0000000000418c70                __get_avphys_pages
 *fill*         0x0000000000418cf9        0x7 
 .text          0x0000000000418d00       0x25 /usr/lib/gcc/x86_64-linux-gnu/13/../../../x86_64-linux-gnu/libc.a(madvise.o)
                0x0000000000418d00                madvise
                0x0000000000418d00                __madvise
 *fill*         0x0000000000418d25        0xb 
 .text          0x0000000000418d30       0xb8 /usr/lib/gcc/x86_64-linux-gnu/13/../../../x86_64-linux-gnu/libc.a(mmap64.o)
                0x0000000000418d30                __mmap
                0x0000000000418d30                mmap
                0x0000000000418d30                __mmap64
                0x0000000000418d30                mmap64
 *fill*         0x0000000000418de8        0x8 
 .text          0x0000000000418df0       0x25 /usr/lib/gcc/x86_64-linux-gnu/13/../../../x86_64-linux-gnu/libc.a(mprotect.o)
                0x0000000000418df0                __mprotect
                0x0000000000418df0                mprotect
 *fill*         0x0000000000418e15        0xb 
 .text          0x0000000000418e20       0x25 /usr/lib/gcc/x86_64-linux-gnu/13/../../../x86_64-linux-gnu/libc.a(munmap.o)
                0x0000000000418e20                munmap
                0x0000000000418e20                __munmap
 *fill*         0x0000000000418e45        0xb 
 .text          0x0000000000418e50       0x84 /usr/lib/gcc/x86_64-linux-gnu/13/../../../x86_64-linux-gnu/libc.a(sbrk.o)
                0x0000000000418e50                sbrk
                0x0000000000418e50                __sbrk
 .text          0x0000000000418ed4        0x0 /usr/lib/gcc/x86_64-linux-gnu/13/../../../x86_64-linux-gnu/libc.a(single_threaded.o)
 *fill*         0x0000000000418ed4        0xc 
 .text          0x0000000000418ee0       0x8a /usr/lib/gcc/x86_64-linux-gnu/13/../../../x86_64-linux-gnu/libc.a(mremap.o)
                0x0000000000418ee0                mremap
                0x0000000000418ee0                __mremap
 *fill*         0x0000000000418f6a        0x6 
 .text          0x0000000000418f70       0x95 /usr/lib/gcc/x86_64-linux-gnu/13/../../../x86_64-linux-gnu/libc.a(setvmaname.o)
                0x0000000000418f70                __set_vma_name
 *fill*         0x0000000000419005        0xb 
 .text          0x0000000000419010       0x25 /usr/lib/gcc/x86_64-linux-gnu/13/../../../x86_64-linux-gnu/libc.a(sysinfo.o)
                0x0000000000419010                sysinfo
                0x0000000000419010                __sysinfo
 *fill*         0x0000000000419035        0xb 
 .text          0x0000000000419040      0x43a /usr/lib/gcc/x86_64-linux-gnu/13/../../../x86_64-linux-gnu/libc.a(malloc-hugepages.o)
                0x0000000000419040                __malloc_default_thp_pagesize
                0x0000000000419100                __malloc_thp_mode
                0x00000000004191e0                __malloc_hugepage_config
 *fill*         0x000000000041947a        0x6 
 .text          0x0000000000419480       0x14 /usr/lib/gcc/x86_64-linux-gnu/13/../../../x86_64-linux-gnu/libc.a(chk_fail.o)
                0x0000000000419480                __chk_fail
 *fill*         0x0000000000419494        0xc 
 .text          0x00000000004194a0       0x19 /usr/lib/gcc/x86_64-linux-gnu/13/../../../x86_64-linux-gnu/libc.a(fortify_fail.o)
                0x00000000004194a0                __fortify_fail
 *fill*         0x00000000004194b9        0x7 
 .text          0x00000000004194c0       0xbc /usr/lib/gcc/x86_64-linux-gnu/13/../../../x86_64-linux-gnu/libc.a(fprintf_chk.o)
                0x00000000004194c0                __fprintf_chk
                0x00000000004194c0                ___fprintf_chk
 *fill*         0x000000000041957c        0x4 
 .text          0x0000000000419580      0x200 /usr/lib/gcc/x86_64-linux-gnu/13/../../../x86_64-linux-gnu/libc.a(readonly-area.o)
                0x0000000000419580                __readonly_area
 .text          0x0000000000419780       0x14 /usr/lib/gcc/x86_64-linux-gnu/13/../../../x86_64-linux-gnu/libc.a(stack_chk_fail.o)
                0x0000000000419780                __stack_chk_fail_local
                0x0000000000419780                __stack_chk_fail
 *fill*         0x0000000000419794        0xc 
 .text          0x00000000004197a0       0x12 /usr/lib/gcc/x86_64-linux-gnu/13/../../../x86_64-linux-gnu/libc.a(memcpy_chk-nonshared.o)
                0x00000000004197a0                __memcpy_chk
 *fill*         0x00000000004197b2        0xe 
 .text          0x00000000004197c0       0x12 /usr/lib/gcc/x86_64-linux-gnu/13/../../../x86_64-linux-gnu/libc.a(memmove_chk-nonshared.o)
                0x00000000004197c0                __memmove_chk
 *fill*         0x00000000004197d2        0xe 
 .text          0x00000000004197e0       0xf2 /usr/lib/gcc/x86_64-linux-gnu/13/../../../x86_64-linux-gnu/libc.a(dl-debug.o)
                0x00000000004197e0                _dl_debug_state
                0x00000000004197f0                _dl_debug_update
                0x0000000000419840                _dl_debug_initialize
 .text          0x00000000004198d2        0x0 /usr/lib/gcc/x86_64-linux-gnu/13/../../../x86_64-linux-gnu/libc.a(dl-debug-symbols.o)
 *fill*         0x00000000004198d2        0xe 
 .text          0x00000000004198e0     0x4654 /usr/lib/gcc/x86_64-linux-gnu/13/../../../x86_64-linux-gnu/libc.a(dl-load.o)
                0x000000000041ab00                _dl_dst_count
                0x000000000041abb0                _dl_dst_substitute
                0x000000000041b300                _dl_init_paths
                0x000000000041b6d0                _dl_process_pt_gnu_property
                0x000000000041cf80                _dl_map_object
                0x000000000041dc80                _dl_rtld_di_serinfo
 *fill*         0x000000000041df34        0xc 
 .text          0x000000000041df40      0x339 /usr/lib/gcc/x86_64-linux-gnu/13/../../../x86_64-linux-gnu/libc.a(dl-misc.o)
                0x000000000041df40                _dl_sysdep_read_whole_file
                0x000000000041dff0                _dl_name_match_p
                0x000000000041e050                _dl_higher_prime_number
                0x000000000041e0a0                _dl_strtoul
 *fill*         0x000000000041e279        0x7 
 .text          0x000000000041e280      0x394 /usr/lib/gcc/x86_64-linux-gnu/13/../../../x86_64-linux-gnu/libc.a(dl-object.o)
                0x000000000041e280                _dl_add_to_namespace_list
                0x000000000041e330                _dl_new_object
 *fill*         0x000000000041e614        0xc 
 .text          0x000000000041e620      0x165 /usr/lib/gcc/x86_64-linux-gnu/13/../../../x86_64-linux-gnu/libc.a(dl-origin.o)
                0x000000000041e620                _dl_get_origin
 *fill*         0x000000000041e785        0xb 
 .text          0x000000000041e790      0xa93 /usr/lib/gcc/x86_64-linux-gnu/13/../../../x86_64-linux-gnu/libc.a(dl-printf.o)
                0x000000000041ee70                _dl_debug_printf
                0x000000000041ef10                _dl_debug_printf_c
                0x000000000041efb0                _dl_dprintf
                0x000000000041f040                _dl_printf
                0x000000000041f0e0                _dl_error_printf
                0x000000000041f180                _dl_fatal_printf
 *fill*         0x000000000041f223        0xd 
 .text          0x000000000041f230       0xd3 /usr/lib/gcc/x86_64-linux-gnu/13/../../../x86_64-linux-gnu/libc.a(dl-setup_hash.o)
                0x000000000041f230                _dl_setup_hash
 *fill*         0x000000000041f303        0xd 
 .text          0x000000000041f310      0xd32 /usr/lib/gcc/x86_64-linux-gnu/13/../../../x86_64-linux-gnu/libc.a(dl-tls.o)
                0x000000000041f3c0                _dl_tls_static_surplus_init
                0x000000000041f460                _dl_assign_tls_modid
                0x000000000041f580                _dl_count_modids
                0x000000000041f680                _dl_get_tls_static_info
                0x000000000041f6a0                _dl_allocate_tls_storage
                0x000000000041f780                _dl_allocate_tls_init
                0x000000000041fa10                _dl_allocate_tls
                0x000000000041fcf0                _dl_deallocate_tls
                0x000000000041fd80                _dl_tls_get_addr_soft
                0x000000000041fe00                _dl_add_to_slotinfo
                0x000000000041ff00                _dl_init_static_tls
 *fill*         0x0000000000420042        0xe 
 .text          0x0000000000420050      0x181 /usr/lib/gcc/x86_64-linux-gnu/13/../../../x86_64-linux-gnu/libc.a(dl-tls_init_tp.o)
                0x0000000000420050                __tls_pre_init_tp
                0x00000000004200a0                __tls_init_tp
 *fill*         0x00000000004201d1        0xf 
 .text          0x00000000004201e0      0x8d7 /usr/lib/gcc/x86_64-linux-gnu/13/../../../x86_64-linux-gnu/libc.a(dl-tunables.o)
                0x0000000000420580                __tunable_is_initialized
                0x00000000004205a0                __tunable_set_val
                0x00000000004206e0                __tunables_init
                0x00000000004208d0                __tunables_print
                0x00000000004209f0                __tunable_get_default
                0x0000000000420a40                __tunable_get_val
 *fill*         0x0000000000420ab7        0x9 
 .text          0x0000000000420ac0      0x7bd /usr/lib/gcc/x86_64-linux-gnu/13/../../../x86_64-linux-gnu/libc.a(dl-cache.o)
                0x0000000000420ac0                _dl_cache_libcmp
                0x0000000000420ba0                _dl_load_cache_lookup
                0x0000000000421240                _dl_unload_cache
 *fill*         0x000000000042127d        0x3 
 .text          0x0000000000421280      0x347 /usr/lib/gcc/x86_64-linux-gnu/13/../../../x86_64-linux-gnu/libc.a(dl-cet.o)
                0x0000000000421280                _dl_cet_open_check
                0x0000000000421550                _dl_cet_setup_features
 *fill*         0x00000000004215c7        0x9 
 .text          0x00000000004215d0       0x90 /usr/lib/gcc/x86_64-linux-gnu/13/../../../x86_64-linux-gnu/libc.a(dl-early_allocate.o)
                0x00000000004215d0                _dl_early_allocate
 .text          0x0000000000421660      0xc95 /usr/lib/gcc/x86_64-linux-gnu/13/../../../x86_64-linux-gnu/libc.a(dl-support.o)
                0x0000000000421660                _dl_aux_init
                0x0000000000421820                _dl_non_dynamic_init
                0x00000000004222e0                _dl_get_dl_main_map
                0x00000000004222f0                _dl_audit_pltexit
 *fill*         0x00000000004222f5        0xb 
 .text          0x0000000000422300      0xb10 /usr/lib/gcc/x86_64-linux-gnu/13/../../../x86_64-linux-gnu/libc.a(dl-sysdep.o)
                0x0000000000422300                _dl_tunable_set_hwcaps
                0x0000000000422cf0                _dl_tunable_set_x86_ibt
                0x0000000000422d80                _dl_tunable_set_x86_shstk
 .text          0x0000000000422e10        0x0 /usr/lib/gcc/x86_64-linux-gnu/13/../../../x86_64-linux-gnu/libc.a(enbl-secure.o)
 .text          0x0000000000422e10       0xd1 /usr/lib/gcc/x86_64-linux-gnu/13/../../../x86_64-linux-gnu/libc.a(libc_early_init.o)
                0x0000000000422e10                __libc_early_init
 *fill*         0x0000000000422ee1        0xf 
 .text          0x0000000000422ef0       0x49 /usr/lib/gcc/x86_64-linux-gnu/13/../../../x86_64-linux-gnu/libc.a(init-first.o)
                0x0000000000422ef0                __libc_init_first
 *fill*         0x0000000000422f39        0x7 
 .text          0x0000000000422f40     0x1933 /usr/lib/gcc/x86_64-linux-gnu/13/../../../x86_64-linux-gnu/libc.a(gconv_db.o)
                0x0000000000422f40                __gconv_alias_compare
                0x0000000000424110                __gconv_get_modules_db
                0x0000000000424120                __gconv_get_alias_db
                0x0000000000424130                __gconv_release_step
                0x0000000000424190                __gconv_compare_alias
                0x0000000000424290                __gconv_find_transform
                0x0000000000424530                __gconv_close_transform
                0x0000000000424630                __gconv_db_freemem
 *fill*         0x0000000000424873        0xd 
 .text          0x0000000000424880     0x1039 /usr/lib/gcc/x86_64-linux-gnu/13/../../../x86_64-linux-gnu/libc.a(gconv_conf.o)
                0x0000000000425870                __gconv_load_conf
                0x0000000000425890                __gconv_conf_freemem
 *fill*         0x00000000004258b9        0x7 
 .text          0x00000000004258c0      0x20e /usr/lib/gcc/x86_64-linux-gnu/13/../../../x86_64-linux-gnu/libc.a(gconv_builtin.o)
                0x00000000004258c0                __gconv_get_builtin_trans
 *fill*         0x0000000000425ace        0x2 
 .text          0x0000000000425ad0     0x7a6e /usr/lib/gcc/x86_64-linux-gnu/13/../../../x86_64-linux-gnu/libc.a(gconv_simple.o)
                0x0000000000425ad0                __gconv_btwoc_ascii
                0x0000000000425af0                __gconv_transform_internal_ucs4
                0x00000000004260c0                __gconv_transform_ucs4_internal
                0x0000000000426860                __gconv_transform_internal_ucs4le
                0x0000000000426e60                __gconv_transform_ucs4le_internal
                0x0000000000427620                __gconv_transform_ascii_internal
                0x0000000000427b20                __gconv_transform_internal_ascii
                0x00000000004288a0                __gconv_transform_internal_utf8
                0x0000000000429740                __gconv_transform_utf8_internal
                0x000000000042a7b0                __gconv_transform_ucs2_internal
                0x000000000042b090                __gconv_transform_internal_ucs2
                0x000000000042bea0                __gconv_transform_ucs2reverse_internal
                0x000000000042c740                __gconv_transform_internal_ucs2reverse
 *fill*         0x000000000042d53e        0x2 
 .text          0x000000000042d540      0x468 /usr/lib/gcc/x86_64-linux-gnu/13/../../../x86_64-linux-gnu/libc.a(gconv_trans.o)
                0x000000000042d540                __gconv_transliterate
 *fill*         0x000000000042d9a8        0x8 
 .text          0x000000000042d9b0      0xa4d /usr/lib/gcc/x86_64-linux-gnu/13/../../../x86_64-linux-gnu/libc.a(gconv_cache.o)
                0x000000000042dbf0                __gconv_get_cache
                0x000000000042dc00                __gconv_load_cache
                0x000000000042de10                __gconv_compare_alias_cache
                0x000000000042deb0                __gconv_lookup_cache
                0x000000000042e3a0                __gconv_release_cache
                0x000000000042e3c0                __gconv_cache_freemem
 *fill*         0x000000000042e3fd        0x3 
 .text          0x000000000042e400      0x308 /usr/lib/gcc/x86_64-linux-gnu/13/../../../x86_64-linux-gnu/libc.a(gconv_dl.o)
                0x000000000042e4d0                __gconv_find_shlib
                0x000000000042e6c0                __gconv_release_shlib
                0x000000000042e6e0                __gconv_dl_freemem
 *fill*         0x000000000042e708        0x8 
 .text          0x000000000042e710      0xf2f /usr/lib/gcc/x86_64-linux-gnu/13/../../../x86_64-linux-gnu/libc.a(setlocale.o)
                0x000000000042ead0                setlocale
                0x000000000042f420                _nl_locale_subfreeres
 *fill*         0x000000000042f63f        0x1 
 .text          0x000000000042f640       0x7a /usr/lib/gcc/x86_64-linux-gnu/13/../../../x86_64-linux-gnu/libc.a(lc-ctype.o)
                0x000000000042f640                _nl_postload_ctype
 .text          0x000000000042f6ba        0x0 /usr/lib/gcc/x86_64-linux-gnu/13/../../../x86_64-linux-gnu/libc.a(lc-numeric.o)
 .text          0x000000000042f6ba        0x0 /usr/lib/gcc/x86_64-linux-gnu/13/../../../x86_64-linux-gnu/libc.a(C_name.o)
 .text          0x000000000042f6ba        0x0 /usr/lib/gcc/x86_64-linux-gnu/13/../../../x86_64-linux-gnu/libc.a(SYS_libc.o)
 .text          0x000000000042f6ba        0x0 /usr/lib/gcc/x86_64-linux-gnu/13/../../../x86_64-linux-gnu/libc.a(global-locale.o)
 .text          0x000000000042f6ba        0x0 /usr/lib/gcc/x86_64-linux-gnu/13/../../../x86_64-linux-gnu/libc.a(xlocale.o)
 *fill*         0x000000000042f6ba        0x6 
 .text          0x000000000042f6c0       0xb4 /usr/lib/gcc/x86_64-linux-gnu/13/../../../x86_64-linux-gnu/libc.a(ctype-info.o)
                0x000000000042f6c0                __ctype_b_loc
                0x000000000042f6e0                __ctype_toupper_loc
                0x000000000042f700                __ctype_tolower_loc
                0x000000000042f720                __ctype_init
 *fill*         0x000000000042f774        0xc 
 .text          0x000000000042f780       0x13 /usr/lib/gcc/x86_64-linux-gnu/13/../../../x86_64-linux-gnu/libc.a(dcgettext.o)
                0x000000000042f780                __dcgettext
                0x000000000042f780                dcgettext
 *fill*         0x000000000042f793        0xd 
 .text          0x000000000042f7a0     0x182c /usr/lib/gcc/x86_64-linux-gnu/13/../../../x86_64-linux-gnu/libc.a(dcigettext.o)
                0x000000000042fa30                _nl_find_msg
                0x0000000000430630                __dcigettext
                0x0000000000430f10                __intl_freemem
 *fill*         0x0000000000430fcc        0x4 
 .text          0x0000000000430fd0      0x2bf /usr/lib/gcc/x86_64-linux-gnu/13/../../../x86_64-linux-gnu/libc.a(finddomain.o)
                0x0000000000430fd0                _nl_find_domain
                0x0000000000431240                _nl_finddomain_subfreeres
 *fill*         0x000000000043128f        0x1 
 .text          0x0000000000431290     0x24cb /usr/lib/gcc/x86_64-linux-gnu/13/../../../x86_64-linux-gnu/libc.a(loadmsgcat.o)
                0x0000000000431290                _nl_load_domain
                0x0000000000433680                _nl_unload_domain
 *fill*         0x000000000043375b        0x5 
 .text          0x0000000000433760      0x6e1 /usr/lib/gcc/x86_64-linux-gnu/13/../../../x86_64-linux-gnu/libc.a(localealias.o)
                0x0000000000433c90                _nl_expand_alias
                0x0000000000433e20                __libc_localealias_freemem
 *fill*         0x0000000000433e41        0xf 
 .text          0x0000000000433e50      0x6d3 /usr/lib/gcc/x86_64-linux-gnu/13/../../../x86_64-linux-gnu/libc.a(l10nflist.o)
                0x0000000000433e50                _nl_make_l10nflist
                0x0000000000434400                _nl_normalize_codeset
 *fill*         0x0000000000434523        0xd 
 .text          0x0000000000434530      0x1ec /usr/lib/gcc/x86_64-linux-gnu/13/../../../x86_64-linux-gnu/libc.a(explodename.o)
                0x0000000000434530                _nl_explode_name
 *fill*         0x000000000043471c        0x4 
 .text          0x0000000000434720     0x2011 /usr/lib/gcc/x86_64-linux-gnu/13/../../../x86_64-linux-gnu/libc.a(plural.o)
                0x0000000000434720                __gettext_free_exp
                0x0000000000435d90                __gettextparse
 *fill*         0x0000000000436731        0xf 
 .text          0x0000000000436740      0x103 /usr/lib/gcc/x86_64-linux-gnu/13/../../../x86_64-linux-gnu/libc.a(plural-exp.o)
                0x0000000000436740                __gettext_extract_plural
 *fill*         0x0000000000436843        0xd 
 .text          0x0000000000436850       0x51 /usr/lib/gcc/x86_64-linux-gnu/13/../../../x86_64-linux-gnu/libc.a(hash-string.o)
                0x0000000000436850                __hash_string
 *fill*         0x00000000004368a1        0xf 
 .text          0x00000000004368b0       0x67 /usr/lib/gcc/x86_64-linux-gnu/13/../../../x86_64-linux-gnu/libc.a(setjmp.o)
                0x00000000004368b0                __sigsetjmp
 *fill*         0x0000000000436917        0x9 
 .text          0x0000000000436920       0x40 /usr/lib/gcc/x86_64-linux-gnu/13/../../../x86_64-linux-gnu/libc.a(sigjmp.o)
                0x0000000000436920                __sigjmp_save
 .text          0x0000000000436960       0x41 /usr/lib/gcc/x86_64-linux-gnu/13/../../../x86_64-linux-gnu/libc.a(raise.o)
                0x0000000000436960                gsignal
                0x0000000000436960                raise
 *fill*         0x00000000004369a1        0xf 
 .text          0x00000000004369b0       0x29 /usr/lib/gcc/x86_64-linux-gnu/13/../../../x86_64-linux-gnu/libc.a(sigprocmask.o)
                0x00000000004369b0                __sigprocmask
                0x00000000004369b0                sigprocmask
 .text          0x00000000004369d9        0x0 /usr/lib/gcc/x86_64-linux-gnu/13/../../../x86_64-linux-gnu/libc.a(abort.o)
 *fill*         0x00000000004369d9        0x7 
 .text          0x00000000004369e0       0x8c /usr/lib/gcc/x86_64-linux-gnu/13/../../../x86_64-linux-gnu/libc.a(getenv.o)
                0x00000000004369e0                getenv
 *fill*         0x0000000000436a6c        0x4 
 .text          0x0000000000436a70      0xc1c /usr/lib/gcc/x86_64-linux-gnu/13/../../../x86_64-linux-gnu/libc.a(qsort.o)
                0x0000000000437180                __qsort_r
                0x0000000000437180                qsort_r
                0x0000000000437680                qsort
 *fill*         0x000000000043768c        0x4 
 .text          0x0000000000437690      0x531 /usr/lib/gcc/x86_64-linux-gnu/13/../../../x86_64-linux-gnu/libc.a(setenv.o)
                0x0000000000437690                __add_to_environ
                0x0000000000437900                setenv
                0x0000000000437900                __setenv
                0x0000000000437970                unsetenv
                0x0000000000437970                __unsetenv
                0x0000000000437a80                clearenv
                0x0000000000437a80                __clearenv
                0x0000000000437b10                __libc_setenv_freemem
 *fill*         0x0000000000437bc1        0xf 
 .text          0x0000000000437bd0       0x5c /usr/lib/gcc/x86_64-linux-gnu/13/../../../x86_64-linux-gnu/libc.a(strtol.o)
                0x0000000000437bd0                __strtol_internal
                0x0000000000437bd0                __strtoll_internal
                0x0000000000437bf0                strtoimax
                0x0000000000437bf0                strtoll
                0x0000000000437bf0                strtoq
                0x0000000000437bf0                strtol
                0x0000000000437bf0                __strtol
                0x0000000000437c10                __isoc23_strtol
                0x0000000000437c10                __isoc23_strtoimax
                0x0000000000437c10                __isoc23_strtoll
 *fill*         0x0000000000437c2c        0x4 
 .text          0x0000000000437c30      0x604 /usr/lib/gcc/x86_64-linux-gnu/13/../../../x86_64-linux-gnu/libc.a(strtol_l.o)
                0x0000000000437c30                ____strtol_l_internal
                0x0000000000437c30                ____strtoll_l_internal
                0x0000000000438200                strtoll_l
                0x0000000000438200                strtol_l
                0x0000000000438200                __strtoll_l
                0x0000000000438200                __strtol_l
                0x0000000000438220                __isoc23_strtoll_l
                0x0000000000438220                __isoc23_strtol_l
 *fill*         0x0000000000438234        0xc 
 .text          0x0000000000438240       0x5c /usr/lib/gcc/x86_64-linux-gnu/13/../../../x86_64-linux-gnu/libc.a(strtoul.o)
                0x0000000000438240                __strtoull_internal
                0x0000000000438240                __strtoul_internal
                0x0000000000438260                strtoumax
                0x0000000000438260                strtoul
                0x0000000000438260                strtoull
                0x0000000000438260                strtouq
                0x0000000000438260                __strtoul
                0x0000000000438280                __isoc23_strtoul
                0x0000000000438280                __isoc23_strtoull
                0x0000000000438280                __isoc23_strtoumax
 *fill*         0x000000000043829c        0x4 
 .text          0x00000000004382a0      0x554 /usr/lib/gcc/x86_64-linux-gnu/13/../../../x86_64-linux-gnu/libc.a(strtoul_l.o)
                0x00000000004382a0                ____strtoul_l_internal
                0x00000000004382a0                ____strtoull_l_internal
                0x00000000004387c0                __strtoull_l
                0x00000000004387c0                strtoull_l
                0x00000000004387c0                strtoul_l
                0x00000000004387c0                __strtoul_l
                0x00000000004387e0                __isoc23_strtoul_l
                0x00000000004387e0                __isoc23_strtoull_l
 *fill*         0x00000000004387f4        0xc 
 .text          0x0000000000438800      0x398 /usr/lib/gcc/x86_64-linux-gnu/13/../../../x86_64-linux-gnu/libc.a(grouping.o)
                0x0000000000438800                __correctly_grouped_prefixmb
 *fill*         0x0000000000438b98        0x8 
 .text          0x0000000000438ba0       0x54 /usr/lib/gcc/x86_64-linux-gnu/13/../../../x86_64-linux-gnu/libc.a(funlockfile.o)
                0x0000000000438ba0                _IO_funlockfile
                0x0000000000438ba0                funlockfile
                0x0000000000438ba0                __funlockfile
 *fill*         0x0000000000438bf4        0xc 
 .text          0x0000000000438c00      0x16b /usr/lib/gcc/x86_64-linux-gnu/13/../../../x86_64-linux-gnu/libc.a(grouping_iterator.o)
                0x0000000000438c00                __grouping_iterator_init_none
                0x0000000000438c20                __grouping_iterator_init
                0x0000000000438d00                __grouping_iterator_next
 *fill*         0x0000000000438d6b        0x5 
 .text          0x0000000000438d70       0x53 /usr/lib/gcc/x86_64-linux-gnu/13/../../../x86_64-linux-gnu/libc.a(printf_buffer_done.o)
                0x0000000000438d70                __printf_buffer_done
 *fill*         0x0000000000438dc3        0xd 
 .text          0x0000000000438dd0       0xaa /usr/lib/gcc/x86_64-linux-gnu/13/../../../x86_64-linux-gnu/libc.a(printf_buffer_pad_1.o)
                0x0000000000438dd0                __printf_buffer_pad_1
 *fill*         0x0000000000438e7a        0x6 
 .text          0x0000000000438e80       0x60 /usr/lib/gcc/x86_64-linux-gnu/13/../../../x86_64-linux-gnu/libc.a(printf_buffer_putc_1.o)
                0x0000000000438e80                __printf_buffer_putc_1
 .text          0x0000000000438ee0       0xb2 /usr/lib/gcc/x86_64-linux-gnu/13/../../../x86_64-linux-gnu/libc.a(printf_buffer_puts_1.o)
                0x0000000000438ee0                __printf_buffer_puts_1
 *fill*         0x0000000000438f92        0xe 
 .text          0x0000000000438fa0      0x3b5 /usr/lib/gcc/x86_64-linux-gnu/13/../../../x86_64-linux-gnu/libc.a(printf_buffer_to_file.o)
                0x0000000000438fa0                __printf_buffer_to_file_switch
                0x0000000000438fe0                __printf_buffer_flush_to_file
                0x0000000000439180                __printf_buffer_to_file_init
                0x00000000004391c0                __printf_buffer_to_file_done
 *fill*         0x0000000000439355        0xb 
 .text          0x0000000000439360       0xaa /usr/lib/gcc/x86_64-linux-gnu/13/../../../x86_64-linux-gnu/libc.a(printf_buffer_write.o)
                0x0000000000439360                __printf_buffer_write
 *fill*         0x000000000043940a        0x6 
 .text          0x0000000000439410     0x284d /usr/lib/gcc/x86_64-linux-gnu/13/../../../x86_64-linux-gnu/libc.a(printf_fp.o)
                0x000000000043b650                __printf_buffer_flush_fp
                0x000000000043b770                __printf_fp_l_buffer
                0x000000000043b990                __printf_buffer_flush_fp_to_wide
                0x000000000043ba80                __wprintf_fp_l_buffer
                0x000000000043bbb0                ___printf_fp
                0x000000000043bbb0                __printf_fp
 *fill*         0x000000000043bc5d        0x3 
 .text          0x000000000043bc60     0x10a4 /usr/lib/gcc/x86_64-linux-gnu/13/../../../x86_64-linux-gnu/libc.a(printf_fphex.o)
                0x000000000043cb40                __printf_fphex_l_buffer
                0x000000000043cb60                __printf_buffer_flush_fphex_to_wide
                0x000000000043cc10                __wprintf_fphex_l_buffer
 *fill*         0x000000000043cd04        0xc 
 .text          0x000000000043cd10      0x15e /usr/lib/gcc/x86_64-linux-gnu/13/../../../x86_64-linux-gnu/libc.a(printf_function_invoke.o)
                0x000000000043cd10                __printf_function_invoke
 *fill*         0x000000000043ce6e        0x2 
 .text          0x000000000043ce70      0x36e /usr/lib/gcc/x86_64-linux-gnu/13/../../../x86_64-linux-gnu/libc.a(reg-modifier.o)
                0x000000000043ce70                __register_printf_modifier
                0x000000000043ce70                register_printf_modifier
                0x000000000043cfd0                __handle_registered_modifier_mb
                0x000000000043d0b0                __handle_registered_modifier_wc
                0x000000000043d180                __libc_printf_freemem
 *fill*         0x000000000043d1de        0x2 
 .text          0x000000000043d1e0      0x1d5 /usr/lib/gcc/x86_64-linux-gnu/13/../../../x86_64-linux-gnu/libc.a(reg-printf.o)
                0x000000000043d1e0                __register_printf_specifier
                0x000000000043d1e0                register_printf_specifier
                0x000000000043d2d0                __register_printf_function
                0x000000000043d2d0                register_printf_function
 *fill*         0x000000000043d3b5        0xb 
 .text          0x000000000043d3c0       0xe8 /usr/lib/gcc/x86_64-linux-gnu/13/../../../x86_64-linux-gnu/libc.a(reg-type.o)
                0x000000000043d3c0                __register_printf_type
                0x000000000043d3c0                register_printf_type
 *fill*         0x000000000043d4a8        0x8 
 .text          0x000000000043d4b0       0xaf /usr/lib/gcc/x86_64-linux-gnu/13/../../../x86_64-linux-gnu/libc.a(snprintf.o)
                0x000000000043d4b0                snprintf
                0x000000000043d4b0                __snprintf
 *fill*         0x000000000043d55f        0x1 
 .text          0x000000000043d560       0x73 /usr/lib/gcc/x86_64-linux-gnu/13/../../../x86_64-linux-gnu/libc.a(translated_number_width.o)
                0x000000000043d560                __translated_number_width
 *fill*         0x000000000043d5d3        0xd 
 .text          0x000000000043d5e0       0x60 /usr/lib/gcc/x86_64-linux-gnu/13/../../../x86_64-linux-gnu/libc.a(wprintf_buffer_putc_1.o)
                0x000000000043d5e0                __wprintf_buffer_putc_1
 .text          0x000000000043d640      0x176 /usr/lib/gcc/x86_64-linux-gnu/13/../../../x86_64-linux-gnu/libc.a(wprintf_buffer_to_file.o)
                0x000000000043d640                __wprintf_buffer_flush_to_file
                0x000000000043d6d0                __wprintf_buffer_to_file_init
                0x000000000043d710                __wprintf_buffer_to_file_done
 *fill*         0x000000000043d7b6        0xa 
 .text          0x000000000043d7c0       0x22 /usr/lib/gcc/x86_64-linux-gnu/13/../../../x86_64-linux-gnu/libc.a(errlist.o)
                0x000000000043d7c0                __get_errlist
 .text          0x000000000043d7e2        0x0 /usr/lib/gcc/x86_64-linux-gnu/13/../../../x86_64-linux-gnu/libc.a(errlist-data.o)
 *fill*         0x000000000043d7e2        0xe 
 .text          0x000000000043d7f0      0x167 /usr/lib/gcc/x86_64-linux-gnu/13/../../../x86_64-linux-gnu/libc.a(filedoalloc.o)
                0x000000000043d7f0                _IO_file_doallocate
 *fill*         0x000000000043d957        0x9 
 .text          0x000000000043d960      0x26e /usr/lib/gcc/x86_64-linux-gnu/13/../../../x86_64-linux-gnu/libc.a(iofclose.o)
                0x000000000043d960                _IO_fclose
                0x000000000043d960                _IO_new_fclose
                0x000000000043d960                fclose
                0x000000000043d960                __new_fclose
 *fill*         0x000000000043dbce        0x2 
 .text          0x000000000043dbd0      0x246 /usr/lib/gcc/x86_64-linux-gnu/13/../../../x86_64-linux-gnu/libc.a(iofopen.o)
                0x000000000043dbd0                __fopen_maybe_mmap
                0x000000000043dc20                __fopen_internal
                0x000000000043dd20                _IO_fopen64
                0x000000000043dd20                _IO_new_fopen
                0x000000000043dd20                fopen
                0x000000000043dd20                _IO_fopen
                0x000000000043dd20                __new_fopen
                0x000000000043dd20                fopen64
 *fill*         0x000000000043de16        0xa 
 .text          0x000000000043de20      0x1a6 /usr/lib/gcc/x86_64-linux-gnu/13/../../../x86_64-linux-gnu/libc.a(iofputs.o)
                0x000000000043de20                _IO_fputs
                0x000000000043de20                fputs
 *fill*         0x000000000043dfc6        0xa 
 .text          0x000000000043dfd0      0x1fe /usr/lib/gcc/x86_64-linux-gnu/13/../../../x86_64-linux-gnu/libc.a(iofwrite.o)
                0x000000000043dfd0                _IO_fwrite
                0x000000000043dfd0                fwrite
 *fill*         0x000000000043e1ce        0x2 
 .text          0x000000000043e1d0      0x384 /usr/lib/gcc/x86_64-linux-gnu/13/../../../x86_64-linux-gnu/libc.a(iogetdelim.o)
                0x000000000043e1d0                __getdelim
                0x000000000043e1d0                getdelim
 *fill*         0x000000000043e554        0xc 
 .text          0x000000000043e560      0x22c /usr/lib/gcc/x86_64-linux-gnu/13/../../../x86_64-linux-gnu/libc.a(vsnprintf.o)
                0x000000000043e560                __printf_buffer_flush_snprintf
                0x000000000043e5a0                __printf_buffer_snprintf_init
                0x000000000043e5d0                __printf_buffer_snprintf_done
                0x000000000043e600                __vsnprintf_internal
                0x000000000043e6d0                vsnprintf
                0x000000000043e6d0                ___vsnprintf
                0x000000000043e6d0                __vsnprintf
 *fill*         0x000000000043e78c        0x4 
 .text          0x000000000043e790       0x1f /usr/lib/gcc/x86_64-linux-gnu/13/../../../x86_64-linux-gnu/libc.a(vtables.o)
                0x000000000043e790                _IO_vtable_check
 *fill*         0x000000000043e7af        0x1 
 .text          0x000000000043e7b0       0xa8 /usr/lib/gcc/x86_64-linux-gnu/13/../../../x86_64-linux-gnu/libc.a(iofgets_u.o)
                0x000000000043e7b0                __fgets_unlocked
                0x000000000043e7b0                fgets_unlocked
 *fill*         0x000000000043e858        0x8 
 .text          0x000000000043e860     0x2c6c /usr/lib/gcc/x86_64-linux-gnu/13/../../../x86_64-linux-gnu/libc.a(fileops.o)
                0x000000000043e860                _IO_new_file_init_internal
                0x000000000043e8a0                _IO_new_file_init
                0x000000000043e8a0                _IO_file_init
                0x000000000043e8e0                _IO_file_open
                0x000000000043e9d0                _IO_new_file_attach
                0x000000000043e9d0                _IO_file_attach
                0x000000000043ea80                _IO_file_setbuf
                0x000000000043ea80                _IO_new_file_setbuf
                0x000000000043eac0                _IO_file_setbuf_mmap
                0x000000000043eb50                _IO_new_do_write
                0x000000000043eb50                _IO_do_write
                0x000000000043ecd0                _IO_new_file_close_it
                0x000000000043ecd0                _IO_file_close_it
                0x000000000043ee40                _IO_new_file_fopen
                0x000000000043ee40                _IO_file_fopen
                0x000000000043f5c0                _IO_file_finish
                0x000000000043f5c0                _IO_new_file_finish
                0x000000000043f660                _IO_file_underflow
                0x000000000043f660                _IO_new_file_underflow
                0x000000000043f990                _IO_file_underflow_mmap
                0x000000000043fc20                _IO_file_underflow_maybe_mmap
                0x000000000043fdf0                _IO_file_overflow
                0x000000000043fdf0                _IO_new_file_overflow
                0x0000000000440010                _IO_file_sync
                0x0000000000440010                _IO_new_file_sync
                0x00000000004400f0                _IO_file_sync_mmap
                0x0000000000440160                _IO_file_seekoff
                0x0000000000440160                _IO_new_file_seekoff
                0x0000000000440710                _IO_file_seekoff_mmap
                0x0000000000440840                _IO_file_seekoff_maybe_mmap
                0x00000000004408b0                _IO_file_read
                0x00000000004408d0                _IO_file_seek
                0x00000000004408e0                _IO_file_stat
                0x00000000004408f0                _IO_file_close_mmap
                0x0000000000440930                _IO_file_close
                0x0000000000440940                _IO_file_write
                0x0000000000440940                _IO_new_file_write
                0x00000000004409e0                _IO_new_file_xsputn
                0x00000000004409e0                _IO_file_xsputn
                0x0000000000440d20                _IO_file_xsgetn
                0x0000000000440f60                _IO_file_xsgetn_mmap
                0x00000000004412e0                _IO_file_xsgetn_maybe_mmap
 *fill*         0x00000000004414cc        0x4 
 .text          0x00000000004414d0     0x2e0b /usr/lib/gcc/x86_64-linux-gnu/13/../../../x86_64-linux-gnu/libc.a(genops.o)
                0x0000000000441b70                _IO_un_link
                0x0000000000441b90                _IO_link_in
                0x0000000000441ef0                _IO_least_marker
                0x0000000000441f20                _IO_switch_to_main_get_area
                0x0000000000441f60                _IO_switch_to_backup_area
                0x0000000000441f90                _IO_switch_to_get_mode
                0x0000000000442030                _IO_free_backup_area
                0x0000000000442090                __overflow
                0x0000000000442100                __underflow
                0x00000000004422e0                __uflow
                0x00000000004424c0                _IO_setb
                0x0000000000442520                _IO_doallocbuf
                0x00000000004425e0                _IO_default_underflow
                0x00000000004425f0                _IO_default_uflow
                0x0000000000442650                _IO_default_xsputn
                0x0000000000442850                _IO_sgetn
                0x00000000004428b0                _IO_default_xsgetn
                0x0000000000442c20                _IO_default_setbuf
                0x0000000000442d00                _IO_default_seekpos
                0x0000000000442d70                _IO_default_doallocate
                0x0000000000442df0                _IO_init_internal
                0x0000000000442e80                _IO_init
                0x0000000000442f10                _IO_enable_locks
                0x0000000000442f50                _IO_old_init
                0x0000000000442fc0                _IO_no_init
                0x0000000000443090                _IO_default_sync
                0x00000000004430a0                _IO_default_finish
                0x0000000000443130                _IO_default_seekoff
                0x0000000000443140                _IO_sputbackc
                0x00000000004431c0                _IO_sungetc
                0x0000000000443230                _IO_adjust_column
                0x0000000000443260                _IO_flush_all
                0x00000000004435b0                _IO_flush_all_linebuffered
                0x00000000004435b0                _flushlbf
                0x00000000004438f0                __libio_freemem
                0x0000000000443940                _IO_cleanup
                0x0000000000443ce0                _IO_init_marker
                0x0000000000443dd0                _IO_remove_marker
                0x0000000000443e10                _IO_marker_difference
                0x0000000000443e20                _IO_marker_delta
                0x0000000000443e60                _IO_seekmark
                0x0000000000443f10                _IO_unsave_markers
                0x0000000000443f80                _IO_default_pbackfail
                0x0000000000444120                _IO_default_seek
                0x0000000000444130                _IO_default_stat
                0x0000000000444140                _IO_default_read
                0x0000000000444150                _IO_default_write
                0x0000000000444160                _IO_default_showmanyc
                0x0000000000444170                _IO_default_imbue
                0x0000000000444180                _IO_iter_begin
                0x0000000000444190                _IO_iter_end
                0x00000000004441a0                _IO_iter_next
                0x00000000004441b0                _IO_iter_file
                0x00000000004441c0                _IO_list_lock
                0x0000000000444250                _IO_list_unlock
                0x00000000004442c0                _IO_list_resetlock
 .text          0x00000000004442db        0x0 /usr/lib/gcc/x86_64-linux-gnu/13/../../../x86_64-linux-gnu/libc.a(stdfiles.o)
 *fill*         0x00000000004442db        0x5 
 .text          0x00000000004442e0      0x92f /usr/lib/gcc/x86_64-linux-gnu/13/../../../x86_64-linux-gnu/libc.a(strops.o)
                0x00000000004444a0                _IO_str_init_static_internal
                0x0000000000444540                _IO_str_init_static
                0x00000000004445f0                _IO_str_init_readonly
                0x00000000004446a0                _IO_str_overflow
                0x00000000004448a0                _IO_str_underflow
                0x0000000000444900                _IO_str_count
                0x0000000000444920                _IO_str_seekoff
                0x0000000000444bb0                _IO_str_pbackfail
                0x0000000000444bd0                _IO_str_finish
 *fill*         0x0000000000444c0f        0x1 
 .text          0x0000000000444c10       0x48 /usr/lib/gcc/x86_64-linux-gnu/13/../../../x86_64-linux-gnu/libc.a(alloca_cutoff.o)
                0x0000000000444c10                __libc_alloca_cutoff
 *fill*         0x0000000000444c58        0x8 
 .text          0x0000000000444c60      0x122 /usr/lib/gcc/x86_64-linux-gnu/13/../../../x86_64-linux-gnu/libc.a(elision-conf.o)
                0x0000000000444c60                _dl_tunable_set_elision_skip_lock_busy
                0x0000000000444c70                _dl_tunable_set_elision_skip_lock_internal_abort
                0x0000000000444c80                _dl_tunable_set_elision_retry_try_xbegin
                0x0000000000444c90                _dl_tunable_set_elision_skip_trylock_internal_abort
                0x0000000000444ca0                _dl_tunable_set_elision_enable
                0x0000000000444cd0                __lll_elision_init
 *fill*         0x0000000000444d82        0xe 
 .text          0x0000000000444d90      0x2aa /usr/lib/gcc/x86_64-linux-gnu/13/../../../x86_64-linux-gnu/libc.a(pthread_kill.o)
                0x0000000000444d90                __pthread_kill_internal
                0x0000000000444ee0                pthread_kill
                0x0000000000444ee0                __pthread_kill
 *fill*         0x000000000044503a        0x6 
 .text          0x0000000000445040       0xa6 /usr/lib/gcc/x86_64-linux-gnu/13/../../../x86_64-linux-gnu/libc.a(pthread_mutex_conf.o)
                0x0000000000445070                __pthread_tunables_init
 *fill*         0x00000000004450e6        0xa 
 .text          0x00000000004450f0      0x9d4 /usr/lib/gcc/x86_64-linux-gnu/13/../../../x86_64-linux-gnu/libc.a(pthread_mutex_lock.o)
                0x00000000004457d0                __pthread_mutex_lock
                0x00000000004457d0                ___pthread_mutex_lock
                0x00000000004457d0                pthread_mutex_lock
 *fill*         0x0000000000445ac4        0xc 
 .text          0x0000000000445ad0      0x68e /usr/lib/gcc/x86_64-linux-gnu/13/../../../x86_64-linux-gnu/libc.a(pthread_mutex_unlock.o)
                0x0000000000445f30                __pthread_mutex_unlock_usercnt
                0x0000000000446050                __pthread_mutex_unlock
                0x0000000000446050                pthread_mutex_unlock
                0x0000000000446050                ___pthread_mutex_unlock
 *fill*         0x000000000044615e        0x2 
 .text          0x0000000000446160      0x1f5 /usr/lib/gcc/x86_64-linux-gnu/13/../../../x86_64-linux-gnu/libc.a(pthread_once.o)
                0x0000000000446340                __pthread_once
                0x0000000000446340                pthread_once
                0x0000000000446340                ___pthread_once
 *fill*         0x0000000000446355        0xb 
 .text          0x0000000000446360       0x3e /usr/lib/gcc/x86_64-linux-gnu/13/../../../x86_64-linux-gnu/libc.a(pthread_rwlock_init.o)
                0x0000000000446360                pthread_rwlock_init
                0x0000000000446360                __pthread_rwlock_init
                0x0000000000446360                ___pthread_rwlock_init
 *fill*         0x000000000044639e        0x2 
 .text          0x00000000004463a0      0x1ec /usr/lib/gcc/x86_64-linux-gnu/13/../../../x86_64-linux-gnu/libc.a(pthread_rwlock_rdlock.o)
                0x00000000004463a0                pthread_rwlock_rdlock
                0x00000000004463a0                __pthread_rwlock_rdlock
                0x00000000004463a0                ___pthread_rwlock_rdlock
 *fill*         0x000000000044658c        0x4 
 .text          0x0000000000446590      0x1cb /usr/lib/gcc/x86_64-linux-gnu/13/../../../x86_64-linux-gnu/libc.a(pthread_rwlock_unlock.o)
                0x0000000000446590                pthread_rwlock_unlock
                0x0000000000446590                __pthread_rwlock_unlock
                0x0000000000446590                ___pthread_rwlock_unlock
 *fill*         0x000000000044675b        0x5 
 .text          0x0000000000446760      0x415 /usr/lib/gcc/x86_64-linux-gnu/13/../../../x86_64-linux-gnu/libc.a(pthread_rwlock_wrlock.o)
                0x0000000000446760                ___pthread_rwlock_wrlock
                0x0000000000446760                __pthread_rwlock_wrlock
                0x0000000000446760                pthread_rwlock_wrlock
 *fill*         0x0000000000446b75        0xb 
 .text          0x0000000000446b80        0xe /usr/lib/gcc/x86_64-linux-gnu/13/../../../x86_64-linux-gnu/libc.a(pthread_self.o)
                0x0000000000446b80                pthread_self
                0x0000000000446b80                __pthread_self
 *fill*         0x0000000000446b8e        0x2 
 .text          0x0000000000446b90       0xdf /usr/lib/gcc/x86_64-linux-gnu/13/../../../x86_64-linux-gnu/libc.a(pthread_sigmask.o)
                0x0000000000446b90                __pthread_sigmask
                0x0000000000446b90                pthread_sigmask
 *fill*         0x0000000000446c6f        0x1 
 .text          0x0000000000446c70      0x536 /usr/lib/gcc/x86_64-linux-gnu/13/../../../x86_64-linux-gnu/libc.a(tpp.o)
                0x0000000000446c70                __init_sched_fifo_prio
                0x0000000000446ca0                __pthread_tpp_change_priority
                0x0000000000447080                __pthread_current_priority
 .text          0x00000000004471a6        0x0 /usr/lib/gcc/x86_64-linux-gnu/13/../../../x86_64-linux-gnu/libc.a(vars.o)
 *fill*         0x00000000004471a6        0xa 
 .text          0x00000000004471b0       0xc0 /usr/lib/gcc/x86_64-linux-gnu/13/../../../x86_64-linux-gnu/libc.a(argz-addsep.o)
                0x00000000004471b0                argz_add_sep
                0x00000000004471b0                __argz_add_sep
 .text          0x0000000000447270       0xd8 /usr/lib/gcc/x86_64-linux-gnu/13/../../../x86_64-linux-gnu/libc.a(argz-ctsep.o)
                0x0000000000447270                __argz_create_sep
                0x0000000000447270                argz_create_sep
 *fill*         0x0000000000447348        0x8 
 .text          0x0000000000447350       0x7d /usr/lib/gcc/x86_64-linux-gnu/13/../../../x86_64-linux-gnu/libc.a(memchr.o)
                0x0000000000447350                memchr
                0x0000000000447350                __memchr
 *fill*         0x00000000004473cd        0x3 
 .text          0x00000000004473d0       0x70 /usr/lib/gcc/x86_64-linux-gnu/13/../../../x86_64-linux-gnu/libc.a(memcmp.o)
                0x00000000004473d0                bcmp
                0x00000000004473d0                memcmp
 .text          0x0000000000447440       0xf6 /usr/lib/gcc/x86_64-linux-gnu/13/../../../x86_64-linux-gnu/libc.a(memmove.o)
                0x0000000000447440                memmove
                0x0000000000447440                __libc_memmove
 *fill*         0x0000000000447536        0xa 
 .text          0x0000000000447540       0x70 /usr/lib/gcc/x86_64-linux-gnu/13/../../../x86_64-linux-gnu/libc.a(stpcpy.o)
                0x0000000000447540                stpcpy
                0x0000000000447540                __stpcpy
 .text          0x00000000004475b0       0x80 /usr/lib/gcc/x86_64-linux-gnu/13/../../../x86_64-linux-gnu/libc.a(strcasecmp_l.o)
                0x00000000004475b0                strcasecmp_l
                0x00000000004475b0                __strcasecmp_l
 .text          0x0000000000447630       0x70 /usr/lib/gcc/x86_64-linux-gnu/13/../../../x86_64-linux-gnu/libc.a(strchr.o)
                0x0000000000447630                index
                0x0000000000447630                strchr
 .text          0x00000000004476a0       0x88 /usr/lib/gcc/x86_64-linux-gnu/13/../../../x86_64-linux-gnu/libc.a(strcmp.o)
                0x00000000004476a0                strcmp
 *fill*         0x0000000000447728        0x8 
 .text          0x0000000000447730       0x70 /usr/lib/gcc/x86_64-linux-gnu/13/../../../x86_64-linux-gnu/libc.a(strcpy.o)
                0x0000000000447730                strcpy
 .text          0x00000000004477a0       0x1e /usr/lib/gcc/x86_64-linux-gnu/13/../../../x86_64-linux-gnu/libc.a(strcspn.o)
                0x00000000004477a0                strcspn
 *fill*         0x00000000004477be        0x2 
 .text          0x00000000004477c0       0x40 /usr/lib/gcc/x86_64-linux-gnu/13/../../../x86_64-linux-gnu/libc.a(strdup.o)
                0x00000000004477c0                __strdup
                0x00000000004477c0                strdup
 .text          0x0000000000447800       0x80 /usr/lib/gcc/x86_64-linux-gnu/13/../../../x86_64-linux-gnu/libc.a(strncmp.o)
                0x0000000000447800                strncmp
 .text          0x0000000000447880       0x70 /usr/lib/gcc/x86_64-linux-gnu/13/../../../x86_64-linux-gnu/libc.a(strrchr.o)
                0x0000000000447880                strrchr
                0x0000000000447880                rindex
 .text          0x00000000004478f0       0x4f /usr/lib/gcc/x86_64-linux-gnu/13/../../../x86_64-linux-gnu/libc.a(strsep.o)
                0x00000000004478f0                __strsep
                0x00000000004478f0                strsep
                0x00000000004478f0                __strsep_g
 *fill*         0x000000000044793f        0x1 
 .text          0x0000000000447940      0x8d2 /usr/lib/gcc/x86_64-linux-gnu/13/../../../x86_64-linux-gnu/libc.a(strstr.o)
                0x0000000000447e40                __strstr_generic
                0x00000000004481d0                strstr
                0x00000000004481d0                __libc_strstr
 *fill*         0x0000000000448212        0xe 
 .text          0x0000000000448220       0x85 /usr/lib/gcc/x86_64-linux-gnu/13/../../../x86_64-linux-gnu/libc.a(strtok_r.o)
                0x0000000000448220                strtok_r
                0x0000000000448220                __strtok_r
 .text          0x00000000004482a5        0x0 /usr/lib/gcc/x86_64-linux-gnu/13/../../../x86_64-linux-gnu/libc.a(memchr-avx2.o)
 *fill*         0x00000000004482a5       0x1b 
 .text.avx      0x00000000004482c0      0x297 /usr/lib/gcc/x86_64-linux-gnu/13/../../../x86_64-linux-gnu/libc.a(memchr-avx2.o)
                0x00000000004482c0                __memchr_avx2
 .text          0x0000000000448557        0x0 /usr/lib/gcc/x86_64-linux-gnu/13/../../../x86_64-linux-gnu/libc.a(memchr-avx2-rtm.o)
 *fill*         0x0000000000448557        0x9 
 .text.avx.rtm  0x0000000000448560      0x2b8 /usr/lib/gcc/x86_64-linux-gnu/13/../../../x86_64-linux-gnu/libc.a(memchr-avx2-rtm.o)
                0x0000000000448560                __memchr_avx2_rtm
 .text          0x0000000000448818        0x0 /usr/lib/gcc/x86_64-linux-gnu/13/../../../x86_64-linux-gnu/libc.a(memchr-evex.o)
 *fill*         0x0000000000448818       0x28 
 .text.evex     0x0000000000448840      0x24f /usr/lib/gcc/x86_64-linux-gnu/13/../../../x86_64-linux-gnu/libc.a(memchr-evex.o)
                0x0000000000448840                __memchr_evex
 .text          0x0000000000448a8f        0x0 /usr/lib/gcc/x86_64-linux-gnu/13/../../../x86_64-linux-gnu/libc.a(memchr-evex-rtm.o)
 *fill*         0x0000000000448a8f       0x31 
 .text.evex.rtm
                0x0000000000448ac0      0x24f /usr/lib/gcc/x86_64-linux-gnu/13/../../../x86_64-linux-gnu/libc.a(memchr-evex-rtm.o)
                0x0000000000448ac0                __memchr_evex_rtm
 *fill*         0x0000000000448d0f        0x1 
 .text          0x0000000000448d10      0x323 /usr/lib/gcc/x86_64-linux-gnu/13/../../../x86_64-linux-gnu/libc.a(memchr-sse2.o)
                0x0000000000448d10                __memchr_sse2
 .text          0x0000000000449033        0x0 /usr/lib/gcc/x86_64-linux-gnu/13/../../../x86_64-linux-gnu/libc.a(memcmp-avx2-movbe.o)
 *fill*         0x0000000000449033        0xd 
 .text.avx      0x0000000000449040      0x3ff /usr/lib/gcc/x86_64-linux-gnu/13/../../../x86_64-linux-gnu/libc.a(memcmp-avx2-movbe.o)
                0x0000000000449040                __memcmp_avx2_movbe
 .text          0x000000000044943f        0x0 /usr/lib/gcc/x86_64-linux-gnu/13/../../../x86_64-linux-gnu/libc.a(memcmp-avx2-movbe-rtm.o)
 *fill*         0x000000000044943f        0x1 
 .text.avx.rtm  0x0000000000449440      0x3ff /usr/lib/gcc/x86_64-linux-gnu/13/../../../x86_64-linux-gnu/libc.a(memcmp-avx2-movbe-rtm.o)
                0x0000000000449440                __memcmp_avx2_movbe_rtm
 .text          0x000000000044983f        0x0 /usr/lib/gcc/x86_64-linux-gnu/13/../../../x86_64-linux-gnu/libc.a(memcmp-evex-movbe.o)
 *fill*         0x000000000044983f        0x1 
 .text.evex     0x0000000000449840      0x2fe /usr/lib/gcc/x86_64-linux-gnu/13/../../../x86_64-linux-gnu/libc.a(memcmp-evex-movbe.o)
                0x0000000000449840                __memcmp_evex_movbe
 *fill*         0x0000000000449b3e        0x2 
 .text          0x0000000000449b40      0x2d0 /usr/lib/gcc/x86_64-linux-gnu/13/../../../x86_64-linux-gnu/libc.a(memcmp-sse2.o)
                0x0000000000449b40                __memcmp_sse2
 .text          0x0000000000449e10        0x0 /usr/lib/gcc/x86_64-linux-gnu/13/../../../x86_64-linux-gnu/libc.a(stpcpy-avx2.o)
 .text.avx      0x0000000000449e10      0x251 /usr/lib/gcc/x86_64-linux-gnu/13/../../../x86_64-linux-gnu/libc.a(stpcpy-avx2.o)
                0x0000000000449e10                __stpcpy_avx2
 .text          0x000000000044a061        0x0 /usr/lib/gcc/x86_64-linux-gnu/13/../../../x86_64-linux-gnu/libc.a(stpcpy-avx2-rtm.o)
 *fill*         0x000000000044a061        0xf 
 .text.avx.rtm  0x000000000044a070      0x24d /usr/lib/gcc/x86_64-linux-gnu/13/../../../x86_64-linux-gnu/libc.a(stpcpy-avx2-rtm.o)
                0x000000000044a070                __stpcpy_avx2_rtm
 .text          0x000000000044a2bd        0x0 /usr/lib/gcc/x86_64-linux-gnu/13/../../../x86_64-linux-gnu/libc.a(stpcpy-evex.o)
 *fill*         0x000000000044a2bd        0x3 
 .text.evex     0x000000000044a2c0      0x2e0 /usr/lib/gcc/x86_64-linux-gnu/13/../../../x86_64-linux-gnu/libc.a(stpcpy-evex.o)